Archive member included to satisfy reference by file (symbol)

C:/ST/STM32CubeIDE_1.18.1/STM32CubeIDE/plugins/com.st.stm32cube.ide.mcu.externaltools.gnu-tools-for-stm32.13.3.rel1.win32_1.0.0.202411081344/tools/bin/../lib/gcc/arm-none-eabi/13.3.1/../../../../arm-none-eabi/lib/thumb/v7e-m+fp/hard\libc_nano.a(libc_a-exit.o)
                              C:/ST/STM32CubeIDE_1.18.1/STM32CubeIDE/plugins/com.st.stm32cube.ide.mcu.externaltools.gnu-tools-for-stm32.13.3.rel1.win32_1.0.0.202411081344/tools/bin/../lib/gcc/arm-none-eabi/13.3.1/../../../../arm-none-eabi/lib/thumb/v7e-m+fp/hard/crt0.o (exit)
C:/ST/STM32CubeIDE_1.18.1/STM32CubeIDE/plugins/com.st.stm32cube.ide.mcu.externaltools.gnu-tools-for-stm32.13.3.rel1.win32_1.0.0.202411081344/tools/bin/../lib/gcc/arm-none-eabi/13.3.1/../../../../arm-none-eabi/lib/thumb/v7e-m+fp/hard\libc_nano.a(libc_a-findfp.o)
                              C:/ST/STM32CubeIDE_1.18.1/STM32CubeIDE/plugins/com.st.stm32cube.ide.mcu.externaltools.gnu-tools-for-stm32.13.3.rel1.win32_1.0.0.202411081344/tools/bin/../lib/gcc/arm-none-eabi/13.3.1/../../../../arm-none-eabi/lib/thumb/v7e-m+fp/hard\libc_nano.a(libc_a-exit.o) (__stdio_exit_handler)
C:/ST/STM32CubeIDE_1.18.1/STM32CubeIDE/plugins/com.st.stm32cube.ide.mcu.externaltools.gnu-tools-for-stm32.13.3.rel1.win32_1.0.0.202411081344/tools/bin/../lib/gcc/arm-none-eabi/13.3.1/../../../../arm-none-eabi/lib/thumb/v7e-m+fp/hard\libc_nano.a(libc_a-fwalk.o)
                              C:/ST/STM32CubeIDE_1.18.1/STM32CubeIDE/plugins/com.st.stm32cube.ide.mcu.externaltools.gnu-tools-for-stm32.13.3.rel1.win32_1.0.0.202411081344/tools/bin/../lib/gcc/arm-none-eabi/13.3.1/../../../../arm-none-eabi/lib/thumb/v7e-m+fp/hard\libc_nano.a(libc_a-findfp.o) (_fwalk_sglue)
C:/ST/STM32CubeIDE_1.18.1/STM32CubeIDE/plugins/com.st.stm32cube.ide.mcu.externaltools.gnu-tools-for-stm32.13.3.rel1.win32_1.0.0.202411081344/tools/bin/../lib/gcc/arm-none-eabi/13.3.1/../../../../arm-none-eabi/lib/thumb/v7e-m+fp/hard\libc_nano.a(libc_a-stdio.o)
                              C:/ST/STM32CubeIDE_1.18.1/STM32CubeIDE/plugins/com.st.stm32cube.ide.mcu.externaltools.gnu-tools-for-stm32.13.3.rel1.win32_1.0.0.202411081344/tools/bin/../lib/gcc/arm-none-eabi/13.3.1/../../../../arm-none-eabi/lib/thumb/v7e-m+fp/hard\libc_nano.a(libc_a-findfp.o) (__sread)
C:/ST/STM32CubeIDE_1.18.1/STM32CubeIDE/plugins/com.st.stm32cube.ide.mcu.externaltools.gnu-tools-for-stm32.13.3.rel1.win32_1.0.0.202411081344/tools/bin/../lib/gcc/arm-none-eabi/13.3.1/../../../../arm-none-eabi/lib/thumb/v7e-m+fp/hard\libc_nano.a(libc_a-memset.o)
                              C:/ST/STM32CubeIDE_1.18.1/STM32CubeIDE/plugins/com.st.stm32cube.ide.mcu.externaltools.gnu-tools-for-stm32.13.3.rel1.win32_1.0.0.202411081344/tools/bin/../lib/gcc/arm-none-eabi/13.3.1/../../../../arm-none-eabi/lib/thumb/v7e-m+fp/hard/crt0.o (memset)
C:/ST/STM32CubeIDE_1.18.1/STM32CubeIDE/plugins/com.st.stm32cube.ide.mcu.externaltools.gnu-tools-for-stm32.13.3.rel1.win32_1.0.0.202411081344/tools/bin/../lib/gcc/arm-none-eabi/13.3.1/../../../../arm-none-eabi/lib/thumb/v7e-m+fp/hard\libc_nano.a(libc_a-closer.o)
                              C:/ST/STM32CubeIDE_1.18.1/STM32CubeIDE/plugins/com.st.stm32cube.ide.mcu.externaltools.gnu-tools-for-stm32.13.3.rel1.win32_1.0.0.202411081344/tools/bin/../lib/gcc/arm-none-eabi/13.3.1/../../../../arm-none-eabi/lib/thumb/v7e-m+fp/hard\libc_nano.a(libc_a-stdio.o) (_close_r)
C:/ST/STM32CubeIDE_1.18.1/STM32CubeIDE/plugins/com.st.stm32cube.ide.mcu.externaltools.gnu-tools-for-stm32.13.3.rel1.win32_1.0.0.202411081344/tools/bin/../lib/gcc/arm-none-eabi/13.3.1/../../../../arm-none-eabi/lib/thumb/v7e-m+fp/hard\libc_nano.a(libc_a-reent.o)
                              C:/ST/STM32CubeIDE_1.18.1/STM32CubeIDE/plugins/com.st.stm32cube.ide.mcu.externaltools.gnu-tools-for-stm32.13.3.rel1.win32_1.0.0.202411081344/tools/bin/../lib/gcc/arm-none-eabi/13.3.1/../../../../arm-none-eabi/lib/thumb/v7e-m+fp/hard\libc_nano.a(libc_a-closer.o) (errno)
C:/ST/STM32CubeIDE_1.18.1/STM32CubeIDE/plugins/com.st.stm32cube.ide.mcu.externaltools.gnu-tools-for-stm32.13.3.rel1.win32_1.0.0.202411081344/tools/bin/../lib/gcc/arm-none-eabi/13.3.1/../../../../arm-none-eabi/lib/thumb/v7e-m+fp/hard\libc_nano.a(libc_a-impure.o)
                              C:/ST/STM32CubeIDE_1.18.1/STM32CubeIDE/plugins/com.st.stm32cube.ide.mcu.externaltools.gnu-tools-for-stm32.13.3.rel1.win32_1.0.0.202411081344/tools/bin/../lib/gcc/arm-none-eabi/13.3.1/../../../../arm-none-eabi/lib/thumb/v7e-m+fp/hard\libc_nano.a(libc_a-reent.o) (_impure_ptr)
C:/ST/STM32CubeIDE_1.18.1/STM32CubeIDE/plugins/com.st.stm32cube.ide.mcu.externaltools.gnu-tools-for-stm32.13.3.rel1.win32_1.0.0.202411081344/tools/bin/../lib/gcc/arm-none-eabi/13.3.1/../../../../arm-none-eabi/lib/thumb/v7e-m+fp/hard\libc_nano.a(libc_a-lseekr.o)
[...]
Memory Configuration

Name             Origin             Length             Attributes
CCMRAM           0x10000000         0x00010000         xrw
RAM              0x20000000         0x00030000         xrw
FLASH            0x08000000         0x00200000         xr
*default*        0x00000000         0xffffffff

Linker script and memory map

LOAD C:/ST/STM32CubeIDE_1.18.1/STM32CubeIDE/plugins/com.st.stm32cube.ide.mcu.externaltools.gnu-tools-for-stm32.13.3.rel1.win32_1.0.0.202411081344/tools/bin/../lib/gcc/arm-none-eabi/13.3.1/thumb/v7e-m+fp/hard/crti.o
LOAD C:/ST/STM32CubeIDE_1.18.1/STM32CubeIDE/plugins/com.st.stm32cube.ide.mcu.externaltools.gnu-tools-for-stm32.13.3.rel1.win32_1.0.0.202411081344/tools/bin/../lib/gcc/arm-none-eabi/13.3.1/thumb/v7e-m+fp/hard/crtbegin.o
LOAD C:/ST/STM32CubeIDE_1.18.1/STM32CubeIDE/plugins/com.st.stm32cube.ide.mcu.externaltools.gnu-tools-for-stm32.13.3.rel1.win32_1.0.0.202411081344/tools/bin/../lib/gcc/arm-none-eabi/13.3.1/../../../../arm-none-eabi/lib/thumb/v7e-m+fp/hard/crt0.o
LOAD ./Core/Src/camera_drv.o
LOAD ./Core/Src/lcd_drv.o
LOAD ./Core/Src/main.o
LOAD ./Core/Src/stm32f4xx_hal_msp.o
LOAD ./Core/Src/stm32f4xx_it.o
LOAD ./Core/Src/syscalls.o
LOAD ./Core/Src/sysmem.o
LOAD ./Core/Src/system_stm32f4xx.o
LOAD ./Core/Src/filter/filter.o
LOAD ./Core/Startup/startup_stm32f429zitx.o
LOAD ./Drivers/STM32F4xx_HAL_Driver/Src/stm32f4xx_hal.o
LOAD ./Drivers/STM32F4xx_HAL_Driver/Src/stm32f4xx_hal_cortex.o
LOAD ./Drivers/STM32F4xx_HAL_Driver/Src/stm32f4xx_hal_dcmi.o
LOAD ./Drivers/STM32F4xx_HAL_Driver/Src/stm32f4xx_hal_dcmi_ex.o
LOAD ./Drivers/STM32F4xx_HAL_Driver/Src/stm32f4xx_hal_dma.o
LOAD ./Drivers/STM32F4xx_HAL_Driver/Src/stm32f4xx_hal_dma_ex.o
LOAD ./Drivers/STM32F4xx_HAL_Driver/Src/stm32f4xx_hal_exti.o
LOAD ./Drivers/STM32F4xx_HAL_Driver/Src/stm32f4xx_hal_flash.o
LOAD ./Drivers/STM32F4xx_HAL_Driver/Src/stm32f4xx_hal_flash_ex.o
LOAD ./Drivers/STM32F4xx_HAL_Driver/Src/stm32f4xx_hal_flash_ramfunc.o
LOAD ./Drivers/STM32F4xx_HAL_Driver/Src/stm32f4xx_hal_gpio.o
LOAD ./Drivers/STM32F4xx_HAL_Driver/Src/stm32f4xx_hal_i2c.o
LOAD ./Drivers/STM32F4xx_HAL_Driver/Src/stm32f4xx_hal_i2c_ex.o
LOAD ./Drivers/STM32F4xx_HAL_Driver/Src/stm32f4xx_hal_pwr.o
LOAD ./Drivers/STM32F4xx_HAL_Driver/Src/stm32f4xx_hal_pwr_ex.o
LOAD ./Drivers/STM32F4xx_HAL_Driver/Src/stm32f4xx_hal_rcc.o
LOAD ./Drivers/STM32F4xx_HAL_Driver/Src/stm32f4xx_hal_rcc_ex.o
LOAD ./Drivers/STM32F4xx_HAL_Driver/Src/stm32f4xx_hal_spi.o
START GROUP
LOAD C:/ST/STM32CubeIDE_1.18.1/STM32CubeIDE/plugins/com.st.stm32cube.ide.mcu.externaltools.gnu-tools-for-stm32.13.3.rel1.win32_1.0.0.202411081344/tools/bin/../lib/gcc/arm-none-eabi/13.3.1/../../../../arm-none-eabi/lib/thumb/v7e-m+fp/hard\libc_nano.a
LOAD C:/ST/STM32CubeIDE_1.18.1/STM32CubeIDE/plugins/com.st.stm32cube.ide.mcu.externaltools.gnu-tools-for-stm32.13.3.rel1.win32_1.0.0.202411081344/tools/bin/../lib/gcc/arm-none-eabi/13.3.1/../../../../arm-none-eabi/lib/thumb/v7e-m+fp/hard\libm.a
END GROUP
START GROUP
LOAD C:/ST/STM32CubeIDE_1.18.1/STM32CubeIDE/plugins/com.st.stm32cube.ide.mcu.externaltools.gnu-tools-for-stm32.13.3.rel1.win32_1.0.0.202411081344/tools/bin/../lib/gcc/arm-none-eabi/13.3.1/thumb/v7e-m+fp/hard\libgcc.a
LOAD C:/ST/STM32CubeIDE_1.18.1/STM32CubeIDE/plugins/com.st.stm32cube.ide.mcu.externaltools.gnu-tools-for-stm32.13.3.rel1.win32_1.0.0.202411081344/tools/bin/../lib/gcc/arm-none-eabi/13.3.1/../../../../arm-none-eabi/lib/thumb/v7e-m+fp/hard\libc_nano.a
END GROUP
START GROUP
LOAD C:/ST/STM32CubeIDE_1.18.1/STM32CubeIDE/plugins/com.st.stm32cube.ide.mcu.externaltools.gnu-tools-for-stm32.13.3.rel1.win32_1.0.0.202411081344/tools/bin/../lib/gcc/arm-none-eabi/13.3.1/thumb/v7e-m+fp/hard\libgcc.a
LOAD C:/ST/STM32CubeIDE_1.18.1/STM32CubeIDE/plugins/com.st.stm32cube.ide.mcu.externaltools.gnu-tools-for-stm32.13.3.rel1.win32_1.0.0.202411081344/tools/bin/../lib/gcc/arm-none-eabi/13.3.1/../../../../arm-none-eabi/lib/thumb/v7e-m+fp/hard\libc_nano.a
LOAD C:/ST/STM32CubeIDE_1.18.1/STM32CubeIDE/plugins/com.st.stm32cube.ide.mcu.externaltools.gnu-tools-for-stm32.13.3.rel1.win32_1.0.0.202411081344/tools/bin/../lib/gcc/arm-none-eabi/13.3.1/../../../../arm-none-eabi/lib/thumb/v7e-m+fp/hard\libnosys.a
END GROUP
START GROUP
LOAD C:/ST/STM32CubeIDE_1.18.1/STM32CubeIDE/plugins/com.st.stm32cube.ide.mcu.externaltools.gnu-tools-for-stm32.13.3.rel1.win32_1.0.0.202411081344/tools/bin/../lib/gcc/arm-none-eabi/13.3.1/thumb/v7e-m+fp/hard\libgcc.a
LOAD C:/ST/STM32CubeIDE_1.18.1/STM32CubeIDE/plugins/com.st.stm32cube.ide.mcu.externaltools.gnu-tools-for-stm32.13.3.rel1.win32_1.0.0.202411081344/tools/bin/../lib/gcc/arm-none-eabi/13.3.1/../../../../arm-none-eabi/lib/thumb/v7e-m+fp/hard\libc_nano.a
LOAD C:/ST/STM32CubeIDE_1.18.1/STM32CubeIDE/plugins/com.st.stm32cube.ide.mcu.externaltools.gnu-tools-for-stm32.13.3.rel1.win32_1.0.0.202411081344/tools/bin/../lib/gcc/arm-none-eabi/13.3.1/../../../../arm-none-eabi/lib/thumb/v7e-m+fp/hard\libnosys.a
END GROUP
LOAD C:/ST/STM32CubeIDE_1.18.1/STM32CubeIDE/plugins/com.st.stm32cube.ide.mcu.externaltools.gnu-tools-for-stm32.13.3.rel1.win32_1.0.0.202411081344/tools/bin/../lib/gcc/arm-none-eabi/13.3.1/thumb/v7e-m+fp/hard/crtend.o
LOAD C:/ST/STM32CubeIDE_1.18.1/STM32CubeIDE/plugins/com.st.stm32cube.ide.mcu.externaltools.gnu-tools-for-stm32.13.3.rel1.win32_1.0.0.202411081344/tools/bin/../lib/gcc/arm-none-eabi/13.3.1/thumb/v7e-m+fp/hard/crtn.o
                0x20030000                        _estack = (ORIGIN (RAM) + LENGTH (RAM))
                0x00000200                        _Min_Heap_Size = 0x200
                0x00000400                        _Min_Stack_Size = 0x400

.isr_vector     0x08000000      0x1ac
                0x08000000                        . = ALIGN (0x4)
 *(.isr_vector)
 .isr_vector    0x08000000      0x1ac ./Core/Startup/startup_stm32f429zitx.o
                0x08000000                g_pfnVectors
                0x080001ac                        . = ALIGN (0x4)

.text           0x080001ac     0x5614
                0x080001ac                        . = ALIGN (0x4)
 *(.text)
 .text          0x080001ac       0x40 C:/ST/STM32CubeIDE_1.18.1/STM32CubeIDE/plugins/com.st.stm32cube.ide.mcu.externaltools.gnu-tools-for-stm32.13.3.rel1.win32_1.0.0.202411081344/tools/bin/../lib/gcc/arm-none-eabi/13.3.1/thumb/v7e-m+fp/hard/crtbegin.o
 .text          0x080001ec       0x30 C:/ST/STM32CubeIDE_1.18.1/STM32CubeIDE/plugins/com.st.stm32cube.ide.mcu.externaltools.gnu-tools-for-stm32.13.3.rel1.win32_1.0.0.202411081344/tools/bin/../lib/gcc/arm-none-eabi/13.3.1/thumb/v7e-m+fp/hard\libgcc.a(_aeabi_uldivmod.o)
                0x080001ec                __aeabi_uldivmod
 .text          0x0800021c      0x2f8 C:/ST/STM32CubeIDE_1.18.1/STM32CubeIDE/plugins/com.st.stm32cube.ide.mcu.externaltools.gnu-tools-for-stm32.13.3.rel1.win32_1.0.0.202411081344/tools/bin/../lib/gcc/arm-none-eabi/13.3.1/thumb/v7e-m+fp/hard\libgcc.a(_udivmoddi4.o)
                0x0800021c                __udivmoddi4
 .text          0x08000514        0x4 C:/ST/STM32CubeIDE_1.18.1/STM32CubeIDE/plugins/com.st.stm32cube.ide.mcu.externaltools.gnu-tools-for-stm32.13.3.rel1.win32_1.0.0.202411081344/tools/bin/../lib/gcc/arm-none-eabi/13.3.1/thumb/v7e-m+fp/hard\libgcc.a(_dvmd_tls.o)
                0x08000514                __aeabi_idiv0
                0x08000514                __aeabi_ldiv0
 *(.text*)
 .text.Camera_Open
                0x08000518       0x88 ./Core/Src/camera_drv.o
                0x08000518                Camera_Open
 .text.Camera_Delay
                0x080005a0       0x28 ./Core/Src/camera_drv.o
                0x080005a0                Camera_Delay
 .text.Camera_Init
                0x080005c8       0x6c ./Core/Src/camera_drv.o
 .text.Camera_Write
                0x08000634       0x44 ./Core/Src/camera_drv.o
                0x08000634                Camera_Write
 .text.Camera_GPIO_Init
                0x08000678      0x188 ./Core/Src/camera_drv.o
 .text.Camera_DCMI_Init
                0x08000800       0x54 ./Core/Src/camera_drv.o
 .text.Camera_XCLK_Init
                0x08000854       0x40 ./Core/Src/camera_drv.o
 .text.Camera_DMA_Init
                0x08000894       0x9c ./Core/Src/camera_drv.o
 .text.Camera_I2C_Init
                0x08000930       0x84 ./Core/Src/camera_drv.o
 .text.LCD_Open
                0x080009b4       0x24 ./Core/Src/lcd_drv.o
                0x080009b4                LCD_Open
 .text.LCD_GPIO_Init
                0x080009d8       0xfc ./Core/Src/lcd_drv.o
 .text.LCD_SPI_Init
                0x08000ad4       0x7c ./Core/Src/lcd_drv.o
 .text.LCD_Init
                0x08000b50      0x2a4 ./Core/Src/lcd_drv.o
 .text.LCD_SPI_Send
                0x08000df4       0x28 ./Core/Src/lcd_drv.o
                0x08000df4                LCD_SPI_Send
 .text.LCD_Write_Command
                0x08000e1c       0x44 ./Core/Src/lcd_drv.o
                0x08000e1c                LCD_Write_Command
 .text.LCD_Write_Data
                0x08000e60       0x44 ./Core/Src/lcd_drv.o
                0x08000e60                LCD_Write_Data
 .text.LCD_Set_Cursor_Position
                0x08000ea4       0x92 ./Core/Src/lcd_drv.o
                0x08000ea4                LCD_Set_Cursor_Position
 *fill*         0x08000f36        0x2 
 .text.LCD_Fill_Screen
                0x08000f38       0x80 ./Core/Src/lcd_drv.o
                0x08000f38                LCD_Fill_Screen
 .text.LCD_Delay
                0x08000fb8       0x24 ./Core/Src/lcd_drv.o
                0x08000fb8                LCD_Delay
 .text.LCD_Display_Image
                0x08000fdc       0x94 ./Core/Src/lcd_drv.o
                0x08000fdc                LCD_Display_Image
 .text.LCD_Set_Rotation
                0x08001070       0x64 ./Core/Src/lcd_drv.o
                0x08001070                LCD_Set_Rotation
 .text.Filter_Button_Init
                0x080010d4       0x68 ./Core/Src/main.o
                0x080010d4                Filter_Button_Init
 .text.main     0x0800113c      0x244 ./Core/Src/main.o
                0x0800113c                main
 .text.SystemClock_Config
                0x08001380       0xf4 ./Core/Src/main.o
                0x08001380                SystemClock_Config
 .text.Error_Handler
                0x08001474        0xc ./Core/Src/main.o
                0x08001474                Error_Handler
 .text.HAL_MspInit
                0x08001480       0x50 ./Core/Src/stm32f4xx_hal_msp.o
                0x08001480                HAL_MspInit
 .text.HAL_DCMI_MspInit
                0x080014d0      0x128 ./Core/Src/stm32f4xx_hal_msp.o
                0x080014d0                HAL_DCMI_MspInit
 .text.HAL_I2C_MspInit
                0x080015f8       0x90 ./Core/Src/stm32f4xx_hal_msp.o
                0x080015f8                HAL_I2C_MspInit
 .text.HAL_SPI_MspInit
                0x08001688       0x90 ./Core/Src/stm32f4xx_hal_msp.o
                0x08001688                HAL_SPI_MspInit
 .text.NMI_Handler
                0x08001718        0x8 ./Core/Src/stm32f4xx_it.o
                0x08001718                NMI_Handler
 .text.HardFault_Handler
                0x08001720        0x8 ./Core/Src/stm32f4xx_it.o
                0x08001720                HardFault_Handler
 .text.MemManage_Handler
                0x08001728        0x8 ./Core/Src/stm32f4xx_it.o
                0x08001728                MemManage_Handler
 .text.BusFault_Handler
                0x08001730        0x8 ./Core/Src/stm32f4xx_it.o
                0x08001730                BusFault_Handler
 .text.UsageFault_Handler
                0x08001738        0x8 ./Core/Src/stm32f4xx_it.o
                0x08001738                UsageFault_Handler
 .text.SVC_Handler
                0x08001740        0xe ./Core/Src/stm32f4xx_it.o
                0x08001740                SVC_Handler
 .text.DebugMon_Handler
                0x0800174e        0xe ./Core/Src/stm32f4xx_it.o
                0x0800174e                DebugMon_Handler
 .text.PendSV_Handler
                0x0800175c        0xe ./Core/Src/stm32f4xx_it.o
                0x0800175c                PendSV_Handler
 .text.SysTick_Handler
                0x0800176a        0xc ./Core/Src/stm32f4xx_it.o
                0x0800176a                SysTick_Handler
 *fill*         0x08001776        0x2 
 .text.DMA2_Stream1_IRQHandler
                0x08001778       0x14 ./Core/Src/stm32f4xx_it.o
                0x08001778                DMA2_Stream1_IRQHandler
 .text.SystemInit
                0x0800178c       0x24 ./Core/Src/system_stm32f4xx.o
                0x0800178c                SystemInit
 .text.applyKernel3x3_window
                0x080017b0       0xa0 ./Core/Src/filter/filter.o
                0x080017b0                applyKernel3x3_window
 .text.Reset_Handler
                0x08001850       0x50 ./Core/Startup/startup_stm32f429zitx.o
                0x08001850                Reset_Handler
 .text.Default_Handler
                0x080018a0        0x2 ./Core/Startup/startup_stm32f429zitx.o
                0x080018a0                RTC_Alarm_IRQHandler
                0x080018a0                HASH_RNG_IRQHandler
                0x080018a0                EXTI2_IRQHandler
                0x080018a0                TIM8_CC_IRQHandler
                0x080018a0                UART8_IRQHandler
                0x080018a0                SPI4_IRQHandler
                0x080018a0                TIM1_CC_IRQHandler
                0x080018a0                DMA2_Stream5_IRQHandler
                0x080018a0                DMA1_Stream5_IRQHandler
                0x080018a0                PVD_IRQHandler
                0x080018a0                SDIO_IRQHandler
                0x080018a0                TAMP_STAMP_IRQHandler
                0x080018a0                CAN2_RX1_IRQHandler
                0x080018a0                EXTI3_IRQHandler
                0x080018a0                TIM8_TRG_COM_TIM14_IRQHandler
                0x080018a0                TIM1_UP_TIM10_IRQHandler
                0x080018a0                TIM8_UP_TIM13_IRQHandler
                0x080018a0                I2C3_ER_IRQHandler
                0x080018a0                EXTI0_IRQHandler
                0x080018a0                I2C2_EV_IRQHandler
                0x080018a0                DMA1_Stream2_IRQHandler
                0x080018a0                CAN1_RX0_IRQHandler
                0x080018a0                FPU_IRQHandler
                0x080018a0                OTG_HS_WKUP_IRQHandler
                0x080018a0                LTDC_ER_IRQHandler
                0x080018a0                CAN2_SCE_IRQHandler
                0x080018a0                DMA2_Stream2_IRQHandler
                0x080018a0                SPI1_IRQHandler
                0x080018a0                TIM6_DAC_IRQHandler
                0x080018a0                TIM1_BRK_TIM9_IRQHandler
                0x080018a0                DCMI_IRQHandler
                0x080018a0                CAN2_RX0_IRQHandler
                0x080018a0                DMA2_Stream3_IRQHandler
                0x080018a0                USART6_IRQHandler
                0x080018a0                USART3_IRQHandler
                0x080018a0                CAN1_RX1_IRQHandler
                0x080018a0                UART5_IRQHandler
                0x080018a0                DMA2_Stream0_IRQHandler
                0x080018a0                TIM4_IRQHandler
                0x080018a0                I2C1_EV_IRQHandler
                0x080018a0                DMA1_Stream6_IRQHandler
                0x080018a0                DMA1_Stream1_IRQHandler
                0x080018a0                UART4_IRQHandler
                0x080018a0                TIM3_IRQHandler
                0x080018a0                RCC_IRQHandler
                0x080018a0                TIM8_BRK_TIM12_IRQHandler
                0x080018a0                Default_Handler
                0x080018a0                EXTI15_10_IRQHandler
                0x080018a0                ADC_IRQHandler
                0x080018a0                DMA1_Stream7_IRQHandler
                0x080018a0                SPI5_IRQHandler
                0x080018a0                TIM7_IRQHandler
                0x080018a0                CAN2_TX_IRQHandler
                0x080018a0                TIM5_IRQHandler
                0x080018a0                DMA2_Stream7_IRQHandler
                0x080018a0                I2C3_EV_IRQHandler
                0x080018a0                EXTI9_5_IRQHandler
                0x080018a0                RTC_WKUP_IRQHandler
                0x080018a0                LTDC_IRQHandler
                0x080018a0                ETH_WKUP_IRQHandler
                0x080018a0                SPI2_IRQHandler
                0x080018a0                OTG_HS_EP1_IN_IRQHandler
                0x080018a0                DMA1_Stream0_IRQHandler
                0x080018a0                CAN1_TX_IRQHandler
                0x080018a0                EXTI4_IRQHandler
                0x080018a0                ETH_IRQHandler
                0x080018a0                OTG_HS_EP1_OUT_IRQHandler
                0x080018a0                WWDG_IRQHandler
                0x080018a0                SPI6_IRQHandler
                0x080018a0                TIM2_IRQHandler
                0x080018a0                OTG_FS_WKUP_IRQHandler
                0x080018a0                TIM1_TRG_COM_TIM11_IRQHandler
                0x080018a0                OTG_HS_IRQHandler
                0x080018a0                DMA2D_IRQHandler
                0x080018a0                EXTI1_IRQHandler
                0x080018a0                UART7_IRQHandler
                0x080018a0                USART2_IRQHandler
                0x080018a0                I2C2_ER_IRQHandler
                0x080018a0                CAN1_SCE_IRQHandler
                0x080018a0                FLASH_IRQHandler
                0x080018a0                DMA2_Stream4_IRQHandler
                0x080018a0                USART1_IRQHandler
                0x080018a0                OTG_FS_IRQHandler
                0x080018a0                SPI3_IRQHandler
                0x080018a0                DMA1_Stream4_IRQHandler
                0x080018a0                I2C1_ER_IRQHandler
                0x080018a0                FMC_IRQHandler
                0x080018a0                DMA2_Stream6_IRQHandler
                0x080018a0                SAI1_IRQHandler
                0x080018a0                DMA1_Stream3_IRQHandler
 *fill*         0x080018a2        0x2 
 .text.HAL_Init
                0x080018a4       0x44 ./Drivers/STM32F4xx_HAL_Driver/Src/stm32f4xx_hal.o
                0x080018a4                HAL_Init
 .text.HAL_InitTick
                0x080018e8       0x60 ./Drivers/STM32F4xx_HAL_Driver/Src/stm32f4xx_hal.o
                0x080018e8                HAL_InitTick
 .text.HAL_IncTick
                0x08001948       0x28 ./Drivers/STM32F4xx_HAL_Driver/Src/stm32f4xx_hal.o
                0x08001948                HAL_IncTick
 .text.HAL_GetTick
                0x08001970       0x18 ./Drivers/STM32F4xx_HAL_Driver/Src/stm32f4xx_hal.o
                0x08001970                HAL_GetTick
 .text.HAL_Delay
                0x08001988       0x48 ./Drivers/STM32F4xx_HAL_Driver/Src/stm32f4xx_hal.o
                0x08001988                HAL_Delay
 .text.__NVIC_SetPriorityGrouping
                0x080019d0       0x48 ./Drivers/STM32F4xx_HAL_Driver/Src/stm32f4xx_hal_cortex.o
 .text.__NVIC_GetPriorityGrouping
                0x08001a18       0x1c ./Drivers/STM32F4xx_HAL_Driver/Src/stm32f4xx_hal_cortex.o
 .text.__NVIC_EnableIRQ
                0x08001a34       0x3c ./Drivers/STM32F4xx_HAL_Driver/Src/stm32f4xx_hal_cortex.o
 .text.__NVIC_SetPriority
                0x08001a70       0x54 ./Drivers/STM32F4xx_HAL_Driver/Src/stm32f4xx_hal_cortex.o
 .text.NVIC_EncodePriority
                0x08001ac4       0x66 ./Drivers/STM32F4xx_HAL_Driver/Src/stm32f4xx_hal_cortex.o
 *fill*         0x08001b2a        0x2 
 .text.SysTick_Config
                0x08001b2c       0x44 ./Drivers/STM32F4xx_HAL_Driver/Src/stm32f4xx_hal_cortex.o
 .text.HAL_NVIC_SetPriorityGrouping
                0x08001b70       0x16 ./Drivers/STM32F4xx_HAL_Driver/Src/stm32f4xx_hal_cortex.o
                0x08001b70                HAL_NVIC_SetPriorityGrouping
 .text.HAL_NVIC_SetPriority
                0x08001b86       0x38 ./Drivers/STM32F4xx_HAL_Driver/Src/stm32f4xx_hal_cortex.o
                0x08001b86                HAL_NVIC_SetPriority
 .text.HAL_NVIC_EnableIRQ
                0x08001bbe       0x1c ./Drivers/STM32F4xx_HAL_Driver/Src/stm32f4xx_hal_cortex.o
                0x08001bbe                HAL_NVIC_EnableIRQ
 .text.HAL_SYSTICK_Config
                0x08001bda       0x18 ./Drivers/STM32F4xx_HAL_Driver/Src/stm32f4xx_hal_cortex.o
                0x08001bda                HAL_SYSTICK_Config
 *fill*         0x08001bf2        0x2 
 .text.HAL_DCMI_Start_DMA
                0x08001bf4      0x148 ./Drivers/STM32F4xx_HAL_Driver/Src/stm32f4xx_hal_dcmi.o
                0x08001bf4                HAL_DCMI_Start_DMA
 .text.HAL_DCMI_ErrorCallback
                0x08001d3c       0x14 ./Drivers/STM32F4xx_HAL_Driver/Src/stm32f4xx_hal_dcmi.o
                0x08001d3c                HAL_DCMI_ErrorCallback
 .text.DCMI_DMAXferCplt
                0x08001d50      0x12a ./Drivers/STM32F4xx_HAL_Driver/Src/stm32f4xx_hal_dcmi.o
 .text.DCMI_DMAError
                0x08001e7a       0x2e ./Drivers/STM32F4xx_HAL_Driver/Src/stm32f4xx_hal_dcmi.o
 .text.HAL_DCMI_Init
                0x08001ea8       0xda ./Drivers/STM32F4xx_HAL_Driver/Src/stm32f4xx_hal_dcmi_ex.o
                0x08001ea8                HAL_DCMI_Init
 *fill*         0x08001f82        0x2 
 .text.HAL_DMA_Init
                0x08001f84      0x15c ./Drivers/STM32F4xx_HAL_Driver/Src/stm32f4xx_hal_dma.o
                0x08001f84                HAL_DMA_Init
 .text.HAL_DMA_Start_IT
                0x080020e0       0xb0 ./Drivers/STM32F4xx_HAL_Driver/Src/stm32f4xx_hal_dma.o
                0x080020e0                HAL_DMA_Start_IT
 .text.HAL_DMA_IRQHandler
                0x08002190      0x314 ./Drivers/STM32F4xx_HAL_Driver/Src/stm32f4xx_hal_dma.o
                0x08002190                HAL_DMA_IRQHandler
 .text.DMA_SetConfig
                0x080024a4       0x5c ./Drivers/STM32F4xx_HAL_Driver/Src/stm32f4xx_hal_dma.o
 .text.DMA_CalcBaseAndBitshift
                0x08002500       0x6c ./Drivers/STM32F4xx_HAL_Driver/Src/stm32f4xx_hal_dma.o
 .text.DMA_CheckFifoParam
                0x0800256c       0xf8 ./Drivers/STM32F4xx_HAL_Driver/Src/stm32f4xx_hal_dma.o
 .text.HAL_DMAEx_MultiBufferStart_IT
                0x08002664     0x1290 ./Drivers/STM32F4xx_HAL_Driver/Src/stm32f4xx_hal_dma_ex.o
                0x08002664                HAL_DMAEx_MultiBufferStart_IT
 .text.HAL_DMAEx_ChangeMemory
                0x080038f4       0x34 ./Drivers/STM32F4xx_HAL_Driver/Src/stm32f4xx_hal_dma_ex.o
                0x080038f4                HAL_DMAEx_ChangeMemory
 .text.DMA_MultiBufferSetConfig
                0x08003928       0x4c ./Drivers/STM32F4xx_HAL_Driver/Src/stm32f4xx_hal_dma_ex.o
 .text.HAL_GPIO_Init
                0x08003974      0x358 ./Drivers/STM32F4xx_HAL_Driver/Src/stm32f4xx_hal_gpio.o
                0x08003974                HAL_GPIO_Init
 .text.HAL_GPIO_WritePin
                0x08003ccc       0x32 ./Drivers/STM32F4xx_HAL_Driver/Src/stm32f4xx_hal_gpio.o
                0x08003ccc                HAL_GPIO_WritePin
 *fill*         0x08003cfe        0x2 
 .text.HAL_I2C_Init
                0x08003d00      0x288 ./Drivers/STM32F4xx_HAL_Driver/Src/stm32f4xx_hal_i2c.o
                0x08003d00                HAL_I2C_Init
 .text.HAL_I2C_Mem_Write
                0x08003f88      0x1f4 ./Drivers/STM32F4xx_HAL_Driver/Src/stm32f4xx_hal_i2c.o
                0x08003f88                HAL_I2C_Mem_Write
 .text.I2C_RequestMemoryWrite
                0x0800417c      0x12c ./Drivers/STM32F4xx_HAL_Driver/Src/stm32f4xx_hal_i2c.o
 .text.I2C_WaitOnFlagUntilTimeout
                0x080042a8       0xf4 ./Drivers/STM32F4xx_HAL_Driver/Src/stm32f4xx_hal_i2c.o
 .text.I2C_WaitOnMasterAddressFlagUntilTimeout
                0x0800439c      0x140 ./Drivers/STM32F4xx_HAL_Driver/Src/stm32f4xx_hal_i2c.o
 .text.I2C_WaitOnTXEFlagUntilTimeout
                0x080044dc       0x90 ./Drivers/STM32F4xx_HAL_Driver/Src/stm32f4xx_hal_i2c.o
 .text.I2C_WaitOnBTFFlagUntilTimeout
                0x0800456c       0x90 ./Drivers/STM32F4xx_HAL_Driver/Src/stm32f4xx_hal_i2c.o
 .text.I2C_IsAcknowledgeFailed
                0x080045fc       0x5e ./Drivers/STM32F4xx_HAL_Driver/Src/stm32f4xx_hal_i2c.o
 .text.HAL_I2CEx_ConfigAnalogFilter
                0x0800465a       0x78 ./Drivers/STM32F4xx_HAL_Driver/Src/stm32f4xx_hal_i2c_ex.o
                0x0800465a                HAL_I2CEx_ConfigAnalogFilter
 .text.HAL_I2CEx_ConfigDigitalFilter
                0x080046d2       0x7e ./Drivers/STM32F4xx_HAL_Driver/Src/stm32f4xx_hal_i2c_ex.o
                0x080046d2                HAL_I2CEx_ConfigDigitalFilter
 .text.HAL_PWREx_EnableOverDrive
                0x08004750       0xa0 ./Drivers/STM32F4xx_HAL_Driver/Src/stm32f4xx_hal_pwr_ex.o
                0x08004750                HAL_PWREx_EnableOverDrive
 .text.HAL_RCC_OscConfig
                0x080047f0      0x4f0 ./Drivers/STM32F4xx_HAL_Driver/Src/stm32f4xx_hal_rcc.o
                0x080047f0                HAL_RCC_OscConfig
 .text.HAL_RCC_ClockConfig
                0x08004ce0      0x1cc ./Drivers/STM32F4xx_HAL_Driver/Src/stm32f4xx_hal_rcc.o
                0x08004ce0                HAL_RCC_ClockConfig
 .text.HAL_RCC_MCOConfig
                0x08004eac       0xd0 ./Drivers/STM32F4xx_HAL_Driver/Src/stm32f4xx_hal_rcc.o
                0x08004eac                HAL_RCC_MCOConfig
 .text.HAL_RCC_EnableCSS
                0x08004f7c       0x18 ./Drivers/STM32F4xx_HAL_Driver/Src/stm32f4xx_hal_rcc.o
                0x08004f7c                HAL_RCC_EnableCSS
 .text.HAL_RCC_GetSysClockFreq
                0x08004f94      0x20c ./Drivers/STM32F4xx_HAL_Driver/Src/stm32f4xx_hal_rcc.o
                0x08004f94                HAL_RCC_GetSysClockFreq
 .text.HAL_RCC_GetHCLKFreq
                0x080051a0       0x18 ./Drivers/STM32F4xx_HAL_Driver/Src/stm32f4xx_hal_rcc.o
                0x080051a0                HAL_RCC_GetHCLKFreq
 .text.HAL_RCC_GetPCLK1Freq
                0x080051b8       0x28 ./Drivers/STM32F4xx_HAL_Driver/Src/stm32f4xx_hal_rcc.o
                0x080051b8                HAL_RCC_GetPCLK1Freq
 .text.HAL_SPI_Init
                0x080051e0      0x112 ./Drivers/STM32F4xx_HAL_Driver/Src/stm32f4xx_hal_spi.o
                0x080051e0                HAL_SPI_Init
 .text.HAL_SPI_Transmit
                0x080052f2      0x288 ./Drivers/STM32F4xx_HAL_Driver/Src/stm32f4xx_hal_spi.o
                0x080052f2                HAL_SPI_Transmit
 *fill*         0x0800557a        0x2 
 .text.SPI_WaitFlagStateUntilTimeout
                0x0800557c      0x110 ./Drivers/STM32F4xx_HAL_Driver/Src/stm32f4xx_hal_spi.o
 .text.SPI_EndRxTxTransaction
                0x0800568c       0xa8 ./Drivers/STM32F4xx_HAL_Driver/Src/stm32f4xx_hal_spi.o
 .text.memset   0x08005734       0x10 C:/ST/STM32CubeIDE_1.18.1/STM32CubeIDE/plugins/com.st.stm32cube.ide.mcu.externaltools.gnu-tools-for-stm32.13.3.rel1.win32_1.0.0.202411081344/tools/bin/../lib/gcc/arm-none-eabi/13.3.1/../../../../arm-none-eabi/lib/thumb/v7e-m+fp/hard\libc_nano.a(libc_a-memset.o)
                0x08005734                memset
 .text.__libc_init_array
                0x08005744       0x48 C:/ST/STM32CubeIDE_1.18.1/STM32CubeIDE/plugins/com.st.stm32cube.ide.mcu.externaltools.gnu-tools-for-stm32.13.3.rel1.win32_1.0.0.202411081344/tools/bin/../lib/gcc/arm-none-eabi/13.3.1/../../../../arm-none-eabi/lib/thumb/v7e-m+fp/hard\libc_nano.a(libc_a-init.o)
                0x08005744                __libc_init_array
 .text.memcpy   0x0800578c       0x1c C:/ST/STM32CubeIDE_1.18.1/STM32CubeIDE/plugins/com.st.stm32cube.ide.mcu.externaltools.gnu-tools-for-stm32.13.3.rel1.win32_1.0.0.202411081344/tools/bin/../lib/gcc/arm-none-eabi/13.3.1/../../../../arm-none-eabi/lib/thumb/v7e-m+fp/hard\libc_nano.a(libc_a-memcpy-stub.o)
                0x0800578c                memcpy
 *(.glue_7)
 .glue_7        0x080057a8        0x0 linker stubs
 *(.glue_7t)
 .glue_7t       0x080057a8        0x0 linker stubs
 *(.eh_frame)
 .eh_frame      0x080057a8        0x0 C:/ST/STM32CubeIDE_1.18.1/STM32CubeIDE/plugins/com.st.stm32cube.ide.mcu.externaltools.gnu-tools-for-stm32.13.3.rel1.win32_1.0.0.202411081344/tools/bin/../lib/gcc/arm-none-eabi/13.3.1/thumb/v7e-m+fp/hard/crtbegin.o
 *(.init)
 .init          0x080057a8        0x4 C:/ST/STM32CubeIDE_1.18.1/STM32CubeIDE/plugins/com.st.stm32cube.ide.mcu.externaltools.gnu-tools-for-stm32.13.3.rel1.win32_1.0.0.202411081344/tools/bin/../lib/gcc/arm-none-eabi/13.3.1/thumb/v7e-m+fp/hard/crti.o
                0x080057a8                _init
 .init          0x080057ac        0x8 C:/ST/STM32CubeIDE_1.18.1/STM32CubeIDE/plugins/com.st.stm32cube.ide.mcu.externaltools.gnu-tools-for-stm32.13.3.rel1.win32_1.0.0.202411081344/tools/bin/../lib/gcc/arm-none-eabi/13.3.1/thumb/v7e-m+fp/hard/crtn.o
 *(.fini)
 .fini          0x080057b4        0x4 C:/ST/STM32CubeIDE_1.18.1/STM32CubeIDE/plugins/com.st.stm32cube.ide.mcu.externaltools.gnu-tools-for-stm32.13.3.rel1.win32_1.0.0.202411081344/tools/bin/../lib/gcc/arm-none-eabi/13.3.1/thumb/v7e-m+fp/hard/crti.o
                0x080057b4                _fini
 .fini          0x080057b8        0x8 C:/ST/STM32CubeIDE_1.18.1/STM32CubeIDE/plugins/com.st.stm32cube.ide.mcu.externaltools.gnu-tools-for-stm32.13.3.rel1.win32_1.0.0.202411081344/tools/bin/../lib/gcc/arm-none-eabi/13.3.1/thumb/v7e-m+fp/hard/crtn.o
                0x080057c0                        . = ALIGN (0x4)
                0x080057c0                        _etext = .

.vfp11_veneer   0x080057c0        0x0
 .vfp11_veneer  0x080057c0        0x0 linker stubs

.v4_bx          0x080057c0        0x0
 .v4_bx         0x080057c0        0x0 linker stubs

.iplt           0x080057c0        0x0
 .iplt          0x080057c0        0x0 C:/ST/STM32CubeIDE_1.18.1/STM32CubeIDE/plugins/com.st.stm32cube.ide.mcu.externaltools.gnu-tools-for-stm32.13.3.rel1.win32_1.0.0.202411081344/tools/bin/../lib/gcc/arm-none-eabi/13.3.1/thumb/v7e-m+fp/hard/crtbegin.o

.rodata         0x080057c0      0x160
                0x080057c0                        . = ALIGN (0x4)
 *(.rodata)
 *(.rodata*)
 .rodata.OV7670_reg
                0x080057c0       0xf4 ./Core/Src/camera_drv.o
                0x080057c0                OV7670_reg
 .rodata.AHBPrescTable
                0x080058b4       0x10 ./Core/Src/system_stm32f4xx.o
                0x080058b4                AHBPrescTable
 .rodata.APBPrescTable
                0x080058c4        0x8 ./Core/Src/system_stm32f4xx.o
                0x080058c4                APBPrescTable
 .rodata.laplacian_kernel
                0x080058cc       0x24 ./Core/Src/filter/filter.o
                0x080058cc                laplacian_kernel
 .rodata.gaussian_kernel
                0x080058f0       0x24 ./Core/Src/filter/filter.o
                0x080058f0                gaussian_kernel
 .rodata.gaussian_factor
                0x08005914        0x4 ./Core/Src/filter/filter.o
                0x08005914                gaussian_factor
 .rodata.flagBitshiftOffset.0
                0x08005918        0x8 ./Drivers/STM32F4xx_HAL_Driver/Src/stm32f4xx_hal_dma.o
                0x08005920                        . = ALIGN (0x4)

.ARM.extab      0x08005920        0x0
                0x08005920                        . = ALIGN (0x4)
 *(.ARM.extab* .gnu.linkonce.armextab.*)
                0x08005920                        . = ALIGN (0x4)

.ARM            0x08005920        0x8
                0x08005920                        . = ALIGN (0x4)
                0x08005920                        __exidx_start = .
 *(.ARM.exidx*)
 .ARM.exidx     0x08005920        0x8 C:/ST/STM32CubeIDE_1.18.1/STM32CubeIDE/plugins/com.st.stm32cube.ide.mcu.externaltools.gnu-tools-for-stm32.13.3.rel1.win32_1.0.0.202411081344/tools/bin/../lib/gcc/arm-none-eabi/13.3.1/thumb/v7e-m+fp/hard\libgcc.a(_udivmoddi4.o)
                0x08005928                        __exidx_end = .
                0x08005928                        . = ALIGN (0x4)

.preinit_array  0x08005928        0x0
                0x08005928                        . = ALIGN (0x4)
                0x08005928                        PROVIDE (__preinit_array_start = .)
 *(.preinit_array*)
                0x08005928                        PROVIDE (__preinit_array_end = .)
                0x08005928                        . = ALIGN (0x4)

.init_array     0x08005928        0x4
                0x08005928                        . = ALIGN (0x4)
                0x08005928                        PROVIDE (__init_array_start = .)
 *(SORT_BY_NAME(.init_array.*))
 *(.init_array*)
 .init_array    0x08005928        0x4 C:/ST/STM32CubeIDE_1.18.1/STM32CubeIDE/plugins/com.st.stm32cube.ide.mcu.externaltools.gnu-tools-for-stm32.13.3.rel1.win32_1.0.0.202411081344/tools/bin/../lib/gcc/arm-none-eabi/13.3.1/thumb/v7e-m+fp/hard/crtbegin.o
                0x0800592c                        PROVIDE (__init_array_end = .)
                0x0800592c                        . = ALIGN (0x4)

.fini_array     0x0800592c        0x4
                0x0800592c                        . = ALIGN (0x4)
                [!provide]                        PROVIDE (__fini_array_start = .)
 *(SORT_BY_NAME(.fini_array.*))
 *(.fini_array*)
 .fini_array    0x0800592c        0x4 C:/ST/STM32CubeIDE_1.18.1/STM32CubeIDE/plugins/com.st.stm32cube.ide.mcu.externaltools.gnu-tools-for-stm32.13.3.rel1.win32_1.0.0.202411081344/tools/bin/../lib/gcc/arm-none-eabi/13.3.1/thumb/v7e-m+fp/hard/crtbegin.o
                [!provide]                        PROVIDE (__fini_array_end = .)
                0x08005930                        . = ALIGN (0x4)
                0x08005930                        _sidata = LOADADDR (.data)

.rel.dyn        0x08005930        0x0
 .rel.iplt      0x08005930        0x0 C:/ST/STM32CubeIDE_1.18.1/STM32CubeIDE/plugins/com.st.stm32cube.ide.mcu.externaltools.gnu-tools-for-stm32.13.3.rel1.win32_1.0.0.202411081344/tools/bin/../lib/gcc/arm-none-eabi/13.3.1/thumb/v7e-m+fp/hard/crtbegin.o

.data           0x20000000       0x10 load address 0x08005930
                0x20000000                        . = ALIGN (0x4)
                0x20000000                        _sdata = .
 *(.data)
 *(.data*)
 .data.selectedFilter
                0x20000000        0x1 ./Core/Src/main.o
                0x20000000                selectedFilter
 *fill*         0x20000001        0x3 
 .data.SystemCoreClock
                0x20000004        0x4 ./Core/Src/system_stm32f4xx.o
                0x20000004                SystemCoreClock
 .data.uwTickPrio
                0x20000008        0x4 ./Drivers/STM32F4xx_HAL_Driver/Src/stm32f4xx_hal.o
                0x20000008                uwTickPrio
 .data.uwTickFreq
                0x2000000c        0x1 ./Drivers/STM32F4xx_HAL_Driver/Src/stm32f4xx_hal.o
                0x2000000c                uwTickFreq
 *(.RamFunc)
 *(.RamFunc*)
                0x20000010                        . = ALIGN (0x4)
 *fill*         0x2000000d        0x3 
                0x20000010                        _edata = .
                0x08005940                        _siccmram = LOADADDR (.ccmram)

.igot.plt       0x20000010        0x0 load address 0x08005940
 .igot.plt      0x20000010        0x0 C:/ST/STM32CubeIDE_1.18.1/STM32CubeIDE/plugins/com.st.stm32cube.ide.mcu.externaltools.gnu-tools-for-stm32.13.3.rel1.win32_1.0.0.202411081344/tools/bin/../lib/gcc/arm-none-eabi/13.3.1/thumb/v7e-m+fp/hard/crtbegin.o

.ccmram         0x10000000        0x0 load address 0x08005940
                0x10000000                        . = ALIGN (0x4)
                0x10000000                        _sccmram = .
 *(.ccmram)
 *(.ccmram*)
                0x10000000                        . = ALIGN (0x4)
                0x10000000                        _eccmram = .
                0x10000000                        . = ALIGN (0x4)

.bss            0x20000010    0x25f10
                0x20000010                        _sbss = .
                0x20000010                        __bss_start__ = _sbss
 *(.bss)
 .bss           0x20000010       0x1c C:/ST/STM32CubeIDE_1.18.1/STM32CubeIDE/plugins/com.st.stm32cube.ide.mcu.externaltools.gnu-tools-for-stm32.13.3.rel1.win32_1.0.0.202411081344/tools/bin/../lib/gcc/arm-none-eabi/13.3.1/thumb/v7e-m+fp/hard/crtbegin.o
 *(.bss*)
 .bss.line_buffer
                0x2000002c      0x5a0 ./Core/Src/main.o
                0x2000002c                line_buffer
 .bss.processed_image
                0x200005cc    0x25800 ./Core/Src/main.o
                0x200005cc                processed_image
 .bss.dma_transfer_done_flag
                0x20025dcc        0x1 ./Core/Src/main.o
                0x20025dcc                dma_transfer_done_flag
 *fill*         0x20025dcd        0x3 
 .bss.hdcmi     0x20025dd0       0x40 ./Core/Src/main.o
                0x20025dd0                hdcmi
 .bss.hdma_dcmi
                0x20025e10       0x60 ./Core/Src/main.o
                0x20025e10                hdma_dcmi
 .bss.hi2c1     0x20025e70       0x54 ./Core/Src/main.o
                0x20025e70                hi2c1
 .bss.hspi5     0x20025ec4       0x58 ./Core/Src/main.o
                0x20025ec4                hspi5
 .bss.uwTick    0x20025f1c        0x4 ./Drivers/STM32F4xx_HAL_Driver/Src/stm32f4xx_hal.o
                0x20025f1c                uwTick
 *(COMMON)
                0x20025f20                        . = ALIGN (0x4)
                0x20025f20                        _ebss = .
                0x20025f20                        __bss_end__ = _ebss

._user_heap_stack
                0x20025f20      0x600
                0x20025f20                        . = ALIGN (0x8)
                [!provide]                        PROVIDE (end = .)
                0x20025f20                        PROVIDE (_end = .)
                0x20026120                        . = (. + _Min_Heap_Size)
 *fill*         0x20025f20      0x200 
                0x20026520                        . = (. + _Min_Stack_Size)
 *fill*         0x20026120      0x400 
                0x20026520                        . = ALIGN (0x8)

/DISCARD/
 libc.a(*)
 libm.a(*)
 libgcc.a(*)

.ARM.attributes
                0x00000000       0x30
 *(.ARM.attributes)
 .ARM.attributes
                0x00000000       0x22 C:/ST/STM32CubeIDE_1.18.1/STM32CubeIDE/plugins/com.st.stm32cube.ide.mcu.externaltools.gnu-tools-for-stm32.13.3.rel1.win32_1.0.0.202411081344/tools/bin/../lib/gcc/arm-none-eabi/13.3.1/thumb/v7e-m+fp/hard/crti.o
 .ARM.attributes
                0x00000022       0x34 C:/ST/STM32CubeIDE_1.18.1/STM32CubeIDE/plugins/com.st.stm32cube.ide.mcu.externaltools.gnu-tools-for-stm32.13.3.rel1.win32_1.0.0.202411081344/tools/bin/../lib/gcc/arm-none-eabi/13.3.1/thumb/v7e-m+fp/hard/crtbegin.o
 .ARM.attributes
                0x00000056       0x34 ./Core/Src/camera_drv.o
 .ARM.attributes
                0x0000008a       0x34 ./Core/Src/lcd_drv.o
 .ARM.attributes
                0x000000be       0x34 ./Core/Src/main.o
 .ARM.attributes
                0x000000f2       0x34 ./Core/Src/stm32f4xx_hal_msp.o
 .ARM.attributes
                0x00000126       0x34 ./Core/Src/stm32f4xx_it.o
 .ARM.attributes
                0x0000015a       0x34 ./Core/Src/system_stm32f4xx.o
 .ARM.attributes
                0x0000018e       0x34 ./Core/Src/filter/filter.o
 .ARM.attributes
                0x000001c2       0x21 ./Core/Startup/startup_stm32f429zitx.o
 .ARM.attributes
                0x000001e3       0x34 ./Drivers/STM32F4xx_HAL_Driver/Src/stm32f4xx_hal.o
 .ARM.attributes
                0x00000217       0x34 ./Drivers/STM32F4xx_HAL_Driver/Src/stm32f4xx_hal_cortex.o
 .ARM.attributes
                0x0000024b       0x34 ./Drivers/STM32F4xx_HAL_Driver/Src/stm32f4xx_hal_dcmi.o
 .ARM.attributes
                0x0000027f       0x34 ./Drivers/STM32F4xx_HAL_Driver/Src/stm32f4xx_hal_dcmi_ex.o
 .ARM.attributes
                0x000002b3       0x34 ./Drivers/STM32F4xx_HAL_Driver/Src/stm32f4xx_hal_dma.o
 .ARM.attributes
                0x000002e7       0x34 ./Drivers/STM32F4xx_HAL_Driver/Src/stm32f4xx_hal_dma_ex.o
 .ARM.attributes
                0x0000031b       0x34 ./Drivers/STM32F4xx_HAL_Driver/Src/stm32f4xx_hal_gpio.o
 .ARM.attributes
                0x0000034f       0x34 ./Drivers/STM32F4xx_HAL_Driver/Src/stm32f4xx_hal_i2c.o
 .ARM.attributes
                0x00000383       0x34 ./Drivers/STM32F4xx_HAL_Driver/Src/stm32f4xx_hal_i2c_ex.o
 .ARM.attributes
                0x000003b7       0x34 ./Drivers/STM32F4xx_HAL_Driver/Src/stm32f4xx_hal_pwr_ex.o
 .ARM.attributes
                0x000003eb       0x34 ./Drivers/STM32F4xx_HAL_Driver/Src/stm32f4xx_hal_rcc.o
 .ARM.attributes
                0x0000041f       0x34 ./Drivers/STM32F4xx_HAL_Driver/Src/stm32f4xx_hal_spi.o
 .ARM.attributes
                0x00000453       0x34 C:/ST/STM32CubeIDE_1.18.1/STM32CubeIDE/plugins/com.st.stm32cube.ide.mcu.externaltools.gnu-tools-for-stm32.13.3.rel1.win32_1.0.0.202411081344/tools/bin/../lib/gcc/arm-none-eabi/13.3.1/../../../../arm-none-eabi/lib/thumb/v7e-m+fp/hard\libc_nano.a(libc_a-memset.o)
 .ARM.attributes
                0x00000487       0x34 C:/ST/STM32CubeIDE_1.18.1/STM32CubeIDE/plugins/com.st.stm32cube.ide.mcu.externaltools.gnu-tools-for-stm32.13.3.rel1.win32_1.0.0.202411081344/tools/bin/../lib/gcc/arm-none-eabi/13.3.1/../../../../arm-none-eabi/lib/thumb/v7e-m+fp/hard\libc_nano.a(libc_a-init.o)
 .ARM.attributes
                0x000004bb       0x34 C:/ST/STM32CubeIDE_1.18.1/STM32CubeIDE/plugins/com.st.stm32cube.ide.mcu.externaltools.gnu-tools-for-stm32.13.3.rel1.win32_1.0.0.202411081344/tools/bin/../lib/gcc/arm-none-eabi/13.3.1/../../../../arm-none-eabi/lib/thumb/v7e-m+fp/hard\libc_nano.a(libc_a-memcpy-stub.o)
 .ARM.attributes
                0x000004ef       0x22 C:/ST/STM32CubeIDE_1.18.1/STM32CubeIDE/plugins/com.st.stm32cube.ide.mcu.externaltools.gnu-tools-for-stm32.13.3.rel1.win32_1.0.0.202411081344/tools/bin/../lib/gcc/arm-none-eabi/13.3.1/thumb/v7e-m+fp/hard\libgcc.a(_aeabi_uldivmod.o)
 .ARM.attributes
                0x00000511       0x34 C:/ST/STM32CubeIDE_1.18.1/STM32CubeIDE/plugins/com.st.stm32cube.ide.mcu.externaltools.gnu-tools-for-stm32.13.3.rel1.win32_1.0.0.202411081344/tools/bin/../lib/gcc/arm-none-eabi/13.3.1/thumb/v7e-m+fp/hard\libgcc.a(_udivmoddi4.o)
 .ARM.attributes
                0x00000545       0x22 C:/ST/STM32CubeIDE_1.18.1/STM32CubeIDE/plugins/com.st.stm32cube.ide.mcu.externaltools.gnu-tools-for-stm32.13.3.rel1.win32_1.0.0.202411081344/tools/bin/../lib/gcc/arm-none-eabi/13.3.1/thumb/v7e-m+fp/hard\libgcc.a(_dvmd_tls.o)
 .ARM.attributes
                0x00000567       0x22 C:/ST/STM32CubeIDE_1.18.1/STM32CubeIDE/plugins/com.st.stm32cube.ide.mcu.externaltools.gnu-tools-for-stm32.13.3.rel1.win32_1.0.0.202411081344/tools/bin/../lib/gcc/arm-none-eabi/13.3.1/thumb/v7e-m+fp/hard/crtn.o
OUTPUT(CTM_capture_the_moment.elf elf32-littlearm)
LOAD linker stubs
LOAD C:/ST/STM32CubeIDE_1.18.1/STM32CubeIDE/plugins/com.st.stm32cube.ide.mcu.externaltools.gnu-tools-for-stm32.13.3.rel1.win32_1.0.0.202411081344/tools/bin/../lib/gcc/arm-none-eabi/13.3.1/../../../../arm-none-eabi/lib/thumb/v7e-m+fp/hard\libc.a
LOAD C:/ST/STM32CubeIDE_1.18.1/STM32CubeIDE/plugins/com.st.stm32cube.ide.mcu.externaltools.gnu-tools-for-stm32.13.3.rel1.win32_1.0.0.202411081344/tools/bin/../lib/gcc/arm-none-eabi/13.3.1/../../../../arm-none-eabi/lib/thumb/v7e-m+fp/hard\libm.a
LOAD C:/ST/STM32CubeIDE_1.18.1/STM32CubeIDE/plugins/com.st.stm32cube.ide.mcu.externaltools.gnu-tools-for-stm32.13.3.rel1.win32_1.0.0.202411081344/tools/bin/../lib/gcc/arm-none-eabi/13.3.1/thumb/v7e-m+fp/hard\libgcc.a

.debug_info     0x00000000     0xdc7d
 .debug_info    0x00000000     0x1133 ./Core/Src/camera_drv.o
 .debug_info    0x00001133      0xc3f ./Core/Src/lcd_drv.o
 .debug_info    0x00001d72     0x1863 ./Core/Src/main.o
 .debug_info    0x000035d5      0xfff ./Core/Src/stm32f4xx_hal_msp.o
 .debug_info    0x000045d4      0x3b0 ./Core/Src/stm32f4xx_it.o
 .debug_info    0x00004984      0x52e ./Core/Src/system_stm32f4xx.o
 .debug_info    0x00004eb2      0x19b ./Core/Src/filter/filter.o
 .debug_info    0x0000504d       0x30 ./Core/Startup/startup_stm32f429zitx.o
 .debug_info    0x0000507d      0x9ba ./Drivers/STM32F4xx_HAL_Driver/Src/stm32f4xx_hal.o
 .debug_info    0x00005a37      0xdc2 ./Drivers/STM32F4xx_HAL_Driver/Src/stm32f4xx_hal_cortex.o
 .debug_info    0x000067f9      0xada ./Drivers/STM32F4xx_HAL_Driver/Src/stm32f4xx_hal_dcmi.o
 .debug_info    0x000072d3      0x5b8 ./Drivers/STM32F4xx_HAL_Driver/Src/stm32f4xx_hal_dcmi_ex.o
 .debug_info    0x0000788b      0x8e7 ./Drivers/STM32F4xx_HAL_Driver/Src/stm32f4xx_hal_dma.o
 .debug_info    0x00008172      0x4df ./Drivers/STM32F4xx_HAL_Driver/Src/stm32f4xx_hal_dma_ex.o
 .debug_info    0x00008651      0x6db ./Drivers/STM32F4xx_HAL_Driver/Src/stm32f4xx_hal_gpio.o
 .debug_info    0x00008d2c     0x2421 ./Drivers/STM32F4xx_HAL_Driver/Src/stm32f4xx_hal_i2c.o
 .debug_info    0x0000b14d      0x672 ./Drivers/STM32F4xx_HAL_Driver/Src/stm32f4xx_hal_i2c_ex.o
 .debug_info    0x0000b7bf      0x6be ./Drivers/STM32F4xx_HAL_Driver/Src/stm32f4xx_hal_pwr_ex.o
 .debug_info    0x0000be7d      0x8db ./Drivers/STM32F4xx_HAL_Driver/Src/stm32f4xx_hal_rcc.o
 .debug_info    0x0000c758     0x1525 ./Drivers/STM32F4xx_HAL_Driver/Src/stm32f4xx_hal_spi.o

.debug_abbrev   0x00000000     0x2806
 .debug_abbrev  0x00000000      0x2df ./Core/Src/camera_drv.o
 .debug_abbrev  0x000002df      0x2aa ./Core/Src/lcd_drv.o
 .debug_abbrev  0x00000589      0x330 ./Core/Src/main.o
 .debug_abbrev  0x000008b9      0x243 ./Core/Src/stm32f4xx_hal_msp.o
 .debug_abbrev  0x00000afc      0x169 ./Core/Src/stm32f4xx_it.o
 .debug_abbrev  0x00000c65      0x11a ./Core/Src/system_stm32f4xx.o
 .debug_abbrev  0x00000d7f       0xce ./Core/Src/filter/filter.o
 .debug_abbrev  0x00000e4d       0x24 ./Core/Startup/startup_stm32f429zitx.o
 .debug_abbrev  0x00000e71      0x214 ./Drivers/STM32F4xx_HAL_Driver/Src/stm32f4xx_hal.o
 .debug_abbrev  0x00001085      0x31d ./Drivers/STM32F4xx_HAL_Driver/Src/stm32f4xx_hal_cortex.o
 .debug_abbrev  0x000013a2      0x247 ./Drivers/STM32F4xx_HAL_Driver/Src/stm32f4xx_hal_dcmi.o
 .debug_abbrev  0x000015e9      0x13e ./Drivers/STM32F4xx_HAL_Driver/Src/stm32f4xx_hal_dcmi_ex.o
 .debug_abbrev  0x00001727      0x264 ./Drivers/STM32F4xx_HAL_Driver/Src/stm32f4xx_hal_dma.o
 .debug_abbrev  0x0000198b      0x1a3 ./Drivers/STM32F4xx_HAL_Driver/Src/stm32f4xx_hal_dma_ex.o
 .debug_abbrev  0x00001b2e      0x1d4 ./Drivers/STM32F4xx_HAL_Driver/Src/stm32f4xx_hal_gpio.o
 .debug_abbrev  0x00001d02      0x2ad ./Drivers/STM32F4xx_HAL_Driver/Src/stm32f4xx_hal_i2c.o
 .debug_abbrev  0x00001faf      0x157 ./Drivers/STM32F4xx_HAL_Driver/Src/stm32f4xx_hal_i2c_ex.o
 .debug_abbrev  0x00002106      0x1cf ./Drivers/STM32F4xx_HAL_Driver/Src/stm32f4xx_hal_pwr_ex.o
 .debug_abbrev  0x000022d5      0x2b7 ./Drivers/STM32F4xx_HAL_Driver/Src/stm32f4xx_hal_rcc.o
 .debug_abbrev  0x0000258c      0x27a ./Drivers/STM32F4xx_HAL_Driver/Src/stm32f4xx_hal_spi.o

.debug_aranges  0x00000000      0xc48
 .debug_aranges
                0x00000000       0x60 ./Core/Src/camera_drv.o
 .debug_aranges
                0x00000060       0x90 ./Core/Src/lcd_drv.o
 .debug_aranges
                0x000000f0       0x78 ./Core/Src/main.o
 .debug_aranges
                0x00000168       0x50 ./Core/Src/stm32f4xx_hal_msp.o
 .debug_aranges
                0x000001b8       0x68 ./Core/Src/stm32f4xx_it.o
 .debug_aranges
                0x00000220       0x28 ./Core/Src/system_stm32f4xx.o
 .debug_aranges
                0x00000248       0x20 ./Core/Src/filter/filter.o
 .debug_aranges
                0x00000268       0x28 ./Core/Startup/startup_stm32f429zitx.o
 .debug_aranges
                0x00000290      0x100 ./Drivers/STM32F4xx_HAL_Driver/Src/stm32f4xx_hal.o
 .debug_aranges
                0x00000390      0x130 ./Drivers/STM32F4xx_HAL_Driver/Src/stm32f4xx_hal_cortex.o
 .debug_aranges
                0x000004c0       0xc0 ./Drivers/STM32F4xx_HAL_Driver/Src/stm32f4xx_hal_dcmi.o
 .debug_aranges
                0x00000580       0x20 ./Drivers/STM32F4xx_HAL_Driver/Src/stm32f4xx_hal_dcmi_ex.o
 .debug_aranges
                0x000005a0       0x90 ./Drivers/STM32F4xx_HAL_Driver/Src/stm32f4xx_hal_dma.o
 .debug_aranges
                0x00000630       0x38 ./Drivers/STM32F4xx_HAL_Driver/Src/stm32f4xx_hal_dma_ex.o
 .debug_aranges
                0x00000668       0x58 ./Drivers/STM32F4xx_HAL_Driver/Src/stm32f4xx_hal_gpio.o
 .debug_aranges
                0x000006c0      0x2a8 ./Drivers/STM32F4xx_HAL_Driver/Src/stm32f4xx_hal_i2c.o
 .debug_aranges
                0x00000968       0x28 ./Drivers/STM32F4xx_HAL_Driver/Src/stm32f4xx_hal_i2c_ex.o
 .debug_aranges
                0x00000990       0x60 ./Drivers/STM32F4xx_HAL_Driver/Src/stm32f4xx_hal_pwr_ex.o
 .debug_aranges
                0x000009f0       0x88 ./Drivers/STM32F4xx_HAL_Driver/Src/stm32f4xx_hal_rcc.o
 .debug_aranges
                0x00000a78      0x1d0 ./Drivers/STM32F4xx_HAL_Driver/Src/stm32f4xx_hal_spi.o

.debug_rnglists
                0x00000000      0x95d
 .debug_rnglists
                0x00000000       0x47 ./Core/Src/camera_drv.o
 .debug_rnglists
                0x00000047       0x6c ./Core/Src/lcd_drv.o
 .debug_rnglists
                0x000000b3       0x59 ./Core/Src/main.o
 .debug_rnglists
                0x0000010c       0x3a ./Core/Src/stm32f4xx_hal_msp.o
 .debug_rnglists
                0x00000146       0x49 ./Core/Src/stm32f4xx_it.o
 .debug_rnglists
                0x0000018f       0x1a ./Core/Src/system_stm32f4xx.o
 .debug_rnglists
                0x000001a9       0x14 ./Core/Src/filter/filter.o
 .debug_rnglists
                0x000001bd       0x19 ./Core/Startup/startup_stm32f429zitx.o
 .debug_rnglists
                0x000001d6       0xbb ./Drivers/STM32F4xx_HAL_Driver/Src/stm32f4xx_hal.o
 .debug_rnglists
                0x00000291       0xe0 ./Drivers/STM32F4xx_HAL_Driver/Src/stm32f4xx_hal_cortex.o
 .debug_rnglists
                0x00000371       0x91 ./Drivers/STM32F4xx_HAL_Driver/Src/stm32f4xx_hal_dcmi.o
 .debug_rnglists
                0x00000402       0x14 ./Drivers/STM32F4xx_HAL_Driver/Src/stm32f4xx_hal_dcmi_ex.o
 .debug_rnglists
                0x00000416       0x70 ./Drivers/STM32F4xx_HAL_Driver/Src/stm32f4xx_hal_dma.o
 .debug_rnglists
                0x00000486       0x27 ./Drivers/STM32F4xx_HAL_Driver/Src/stm32f4xx_hal_dma_ex.o
 .debug_rnglists
                0x000004ad       0x3f ./Drivers/STM32F4xx_HAL_Driver/Src/stm32f4xx_hal_gpio.o
 .debug_rnglists
                0x000004ec      0x23c ./Drivers/STM32F4xx_HAL_Driver/Src/stm32f4xx_hal_i2c.o
 .debug_rnglists
                0x00000728       0x19 ./Drivers/STM32F4xx_HAL_Driver/Src/stm32f4xx_hal_i2c_ex.o
 .debug_rnglists
                0x00000741       0x47 ./Drivers/STM32F4xx_HAL_Driver/Src/stm32f4xx_hal_pwr_ex.o
 .debug_rnglists
                0x00000788       0x66 ./Drivers/STM32F4xx_HAL_Driver/Src/stm32f4xx_hal_rcc.o
 .debug_rnglists
                0x000007ee      0x16f ./Drivers/STM32F4xx_HAL_Driver/Src/stm32f4xx_hal_spi.o

.debug_macro    0x00000000    0x2407c
 .debug_macro   0x00000000      0x20d ./Core/Src/camera_drv.o
 .debug_macro   0x0000020d      0xad8 ./Core/Src/camera_drv.o
 .debug_macro   0x00000ce5       0x2e ./Core/Src/camera_drv.o
 .debug_macro   0x00000d13       0x28 ./Core/Src/camera_drv.o
 .debug_macro   0x00000d3b       0x22 ./Core/Src/camera_drv.o
 .debug_macro   0x00000d5d       0x8e ./Core/Src/camera_drv.o
 .debug_macro   0x00000deb       0x51 ./Core/Src/camera_drv.o
 .debug_macro   0x00000e3c      0x103 ./Core/Src/camera_drv.o
 .debug_macro   0x00000f3f       0x6a ./Core/Src/camera_drv.o
 .debug_macro   0x00000fa9      0x1df ./Core/Src/camera_drv.o
 .debug_macro   0x00001188       0x1c ./Core/Src/camera_drv.o
 .debug_macro   0x000011a4       0x22 ./Core/Src/camera_drv.o
 .debug_macro   0x000011c6       0xfb ./Core/Src/camera_drv.o
 .debug_macro   0x000012c1     0x1011 ./Core/Src/camera_drv.o
 .debug_macro   0x000022d2      0x11f ./Core/Src/camera_drv.o
 .debug_macro   0x000023f1    0x17ff1 ./Core/Src/camera_drv.o
 .debug_macro   0x0001a3e2       0x6d ./Core/Src/camera_drv.o
 .debug_macro   0x0001a44f      0x2a1 ./Core/Src/camera_drv.o
 .debug_macro   0x0001a6f0     0x370a ./Core/Src/camera_drv.o
 .debug_macro   0x0001ddfa      0x190 ./Core/Src/camera_drv.o
 .debug_macro   0x0001df8a       0x5c ./Core/Src/camera_drv.o
 .debug_macro   0x0001dfe6      0xcba ./Core/Src/camera_drv.o
 .debug_macro   0x0001eca0      0x9e9 ./Core/Src/camera_drv.o
 .debug_macro   0x0001f689      0x115 ./Core/Src/camera_drv.o
 .debug_macro   0x0001f79e      0x156 ./Core/Src/camera_drv.o
 .debug_macro   0x0001f8f4       0xa5 ./Core/Src/camera_drv.o
 .debug_macro   0x0001f999      0x182 ./Core/Src/camera_drv.o
 .debug_macro   0x0001fb1b      0x287 ./Core/Src/camera_drv.o
 .debug_macro   0x0001fda2       0x5f ./Core/Src/camera_drv.o
 .debug_macro   0x0001fe01      0x236 ./Core/Src/camera_drv.o
 .debug_macro   0x00020037       0x1f ./Core/Src/camera_drv.o
 .debug_macro   0x00020056      0x1d2 ./Core/Src/camera_drv.o
 .debug_macro   0x00020228      0x132 ./Core/Src/camera_drv.o
 .debug_macro   0x0002035a      0x41d ./Core/Src/camera_drv.o
 .debug_macro   0x00020777       0x2e ./Core/Src/camera_drv.o
 .debug_macro   0x000207a5      0x1b5 ./Core/Src/camera_drv.o
 .debug_macro   0x0002095a       0x22 ./Core/Src/camera_drv.o
 .debug_macro   0x0002097c       0xd6 ./Core/Src/camera_drv.o
 .debug_macro   0x00020a52      0x127 ./Core/Src/camera_drv.o
 .debug_macro   0x00020b79       0xe2 ./Core/Src/camera_drv.o
 .debug_macro   0x00020c5b       0x89 ./Core/Src/camera_drv.o
 .debug_macro   0x00020ce4      0x225 ./Core/Src/camera_drv.o
 .debug_macro   0x00020f09      0x134 ./Core/Src/camera_drv.o
 .debug_macro   0x0002103d      0x154 ./Core/Src/camera_drv.o
 .debug_macro   0x00021191       0x22 ./Core/Src/camera_drv.o
 .debug_macro   0x000211b3       0x22 ./Core/Src/camera_drv.o
 .debug_macro   0x000211d5      0x231 ./Core/Src/lcd_drv.o
 .debug_macro   0x00021406      0x14e ./Core/Src/lcd_drv.o
 .debug_macro   0x00021554      0x2f8 ./Core/Src/main.o
 .debug_macro   0x0002184c       0x61 ./Core/Src/main.o
 .debug_macro   0x000218ad       0x2a ./Core/Src/main.o
 .debug_macro   0x000218d7       0x43 ./Core/Src/main.o
 .debug_macro   0x0002191a       0x34 ./Core/Src/main.o
 .debug_macro   0x0002194e      0x370 ./Core/Src/main.o
 .debug_macro   0x00021cbe       0x16 ./Core/Src/main.o
 .debug_macro   0x00021cd4       0x4a ./Core/Src/main.o
 .debug_macro   0x00021d1e       0x34 ./Core/Src/main.o
 .debug_macro   0x00021d52       0x10 ./Core/Src/main.o
 .debug_macro   0x00021d62       0x58 ./Core/Src/main.o
 .debug_macro   0x00021dba       0x8e ./Core/Src/main.o
 .debug_macro   0x00021e48       0x1c ./Core/Src/main.o
 .debug_macro   0x00021e64      0x185 ./Core/Src/main.o
 .debug_macro   0x00021fe9       0x10 ./Core/Src/main.o
 .debug_macro   0x00021ff9       0x3c ./Core/Src/main.o
 .debug_macro   0x00022035       0x20 ./Core/Src/main.o
 .debug_macro   0x00022055       0x16 ./Core/Src/main.o
 .debug_macro   0x0002206b      0x2c9 ./Core/Src/stm32f4xx_hal_msp.o
 .debug_macro   0x00022334      0x2d3 ./Core/Src/stm32f4xx_it.o
 .debug_macro   0x00022607      0x1ec ./Core/Src/system_stm32f4xx.o
 .debug_macro   0x000227f3       0x6d ./Core/Src/filter/filter.o
 .debug_macro   0x00022860      0x24c ./Drivers/STM32F4xx_HAL_Driver/Src/stm32f4xx_hal.o
 .debug_macro   0x00022aac      0x1ec ./Drivers/STM32F4xx_HAL_Driver/Src/stm32f4xx_hal_cortex.o
 .debug_macro   0x00022c98      0x1f3 ./Drivers/STM32F4xx_HAL_Driver/Src/stm32f4xx_hal_dcmi.o
 .debug_macro   0x00022e8b      0x1ec ./Drivers/STM32F4xx_HAL_Driver/Src/stm32f4xx_hal_dcmi_ex.o
 .debug_macro   0x00023077      0x1f2 ./Drivers/STM32F4xx_HAL_Driver/Src/stm32f4xx_hal_dma.o
 .debug_macro   0x00023269      0x1ec ./Drivers/STM32F4xx_HAL_Driver/Src/stm32f4xx_hal_dma_ex.o
 .debug_macro   0x00023455      0x1f2 ./Drivers/STM32F4xx_HAL_Driver/Src/stm32f4xx_hal_gpio.o
 .debug_macro   0x00023647      0x23a ./Drivers/STM32F4xx_HAL_Driver/Src/stm32f4xx_hal_i2c.o
 .debug_macro   0x00023881      0x1ec ./Drivers/STM32F4xx_HAL_Driver/Src/stm32f4xx_hal_i2c_ex.o
 .debug_macro   0x00023a6d      0x204 ./Drivers/STM32F4xx_HAL_Driver/Src/stm32f4xx_hal_pwr_ex.o
 .debug_macro   0x00023c71      0x210 ./Drivers/STM32F4xx_HAL_Driver/Src/stm32f4xx_hal_rcc.o
 .debug_macro   0x00023e81      0x1fb ./Drivers/STM32F4xx_HAL_Driver/Src/stm32f4xx_hal_spi.o

.debug_line     0x00000000    0x11658
 .debug_line    0x00000000      0xa0d ./Core/Src/camera_drv.o
 .debug_line    0x00000a0d      0xa0b ./Core/Src/lcd_drv.o
 .debug_line    0x00001418      0xc61 ./Core/Src/main.o
 .debug_line    0x00002079      0x9e7 ./Core/Src/stm32f4xx_hal_msp.o
 .debug_line    0x00002a60      0x9a0 ./Core/Src/stm32f4xx_it.o
 .debug_line    0x00003400      0x7ee ./Core/Src/system_stm32f4xx.o
 .debug_line    0x00003bee      0x485 ./Core/Src/filter/filter.o
 .debug_line    0x00004073       0x7a ./Core/Startup/startup_stm32f429zitx.o
 .debug_line    0x000040ed      0xaa0 ./Drivers/STM32F4xx_HAL_Driver/Src/stm32f4xx_hal.o
 .debug_line    0x00004b8d      0xd3a ./Drivers/STM32F4xx_HAL_Driver/Src/stm32f4xx_hal_cortex.o
 .debug_line    0x000058c7      0xd72 ./Drivers/STM32F4xx_HAL_Driver/Src/stm32f4xx_hal_dcmi.o
 .debug_line    0x00006639      0x81b ./Drivers/STM32F4xx_HAL_Driver/Src/stm32f4xx_hal_dcmi_ex.o
 .debug_line    0x00006e54      0xfd6 ./Drivers/STM32F4xx_HAL_Driver/Src/stm32f4xx_hal_dma.o
 .debug_line    0x00007e2a     0x13e5 ./Drivers/STM32F4xx_HAL_Driver/Src/stm32f4xx_hal_dma_ex.o
 .debug_line    0x0000920f      0xbea ./Drivers/STM32F4xx_HAL_Driver/Src/stm32f4xx_hal_gpio.o
 .debug_line    0x00009df9     0x3b17 ./Drivers/STM32F4xx_HAL_Driver/Src/stm32f4xx_hal_i2c.o
 .debug_line    0x0000d910      0x7f3 ./Drivers/STM32F4xx_HAL_Driver/Src/stm32f4xx_hal_i2c_ex.o
 .debug_line    0x0000e103      0x9d7 ./Drivers/STM32F4xx_HAL_Driver/Src/stm32f4xx_hal_pwr_ex.o
 .debug_line    0x0000eada      0xe79 ./Drivers/STM32F4xx_HAL_Driver/Src/stm32f4xx_hal_rcc.o
 .debug_line    0x0000f953     0x1d05 ./Drivers/STM32F4xx_HAL_Driver/Src/stm32f4xx_hal_spi.o

.debug_str      0x00000000    0xd5076
 .debug_str     0x00000000    0xd5076 ./Core/Src/camera_drv.o
                              0xcf356 (size before relaxing)
 .debug_str     0x000d5076    0xceaeb ./Core/Src/lcd_drv.o
 .debug_str     0x000d5076    0xd2a39 ./Core/Src/main.o
 .debug_str     0x000d5076    0xd1ca3 ./Core/Src/stm32f4xx_hal_msp.o
 .debug_str     0x000d5076    0xd1494 ./Core/Src/stm32f4xx_it.o
 .debug_str     0x000d5076    0xce0f9 ./Core/Src/system_stm32f4xx.o
 .debug_str     0x000d5076     0x3e22 ./Core/Src/filter/filter.o
 .debug_str     0x000d5076       0x86 ./Core/Startup/startup_stm32f429zitx.o
 .debug_str     0x000d5076    0xced1c ./Drivers/STM32F4xx_HAL_Driver/Src/stm32f4xx_hal.o
 .debug_str     0x000d5076    0xcea4a ./Drivers/STM32F4xx_HAL_Driver/Src/stm32f4xx_hal_cortex.o
 .debug_str     0x000d5076    0xce6bb ./Drivers/STM32F4xx_HAL_Driver/Src/stm32f4xx_hal_dcmi.o
 .debug_str     0x000d5076    0xce3dc ./Drivers/STM32F4xx_HAL_Driver/Src/stm32f4xx_hal_dcmi_ex.o
 .debug_str     0x000d5076    0xce500 ./Drivers/STM32F4xx_HAL_Driver/Src/stm32f4xx_hal_dma.o
 .debug_str     0x000d5076    0xce2ba ./Drivers/STM32F4xx_HAL_Driver/Src/stm32f4xx_hal_dma_ex.o
 .debug_str     0x000d5076    0xce274 ./Drivers/STM32F4xx_HAL_Driver/Src/stm32f4xx_hal_gpio.o
 .debug_str     0x000d5076    0xcf109 ./Drivers/STM32F4xx_HAL_Driver/Src/stm32f4xx_hal_i2c.o
 .debug_str     0x000d5076    0xce4c8 ./Drivers/STM32F4xx_HAL_Driver/Src/stm32f4xx_hal_i2c_ex.o
 .debug_str     0x000d5076    0xce2d1 ./Drivers/STM32F4xx_HAL_Driver/Src/stm32f4xx_hal_pwr_ex.o
 .debug_str     0x000d5076    0xce52d ./Drivers/STM32F4xx_HAL_Driver/Src/stm32f4xx_hal_rcc.o
 .debug_str     0x000d5076    0xce9a4 ./Drivers/STM32F4xx_HAL_Driver/Src/stm32f4xx_hal_spi.o

.comment        0x00000000       0x43
 .comment       0x00000000       0x43 ./Core/Src/camera_drv.o
                                 0x44 (size before relaxing)
 .comment       0x00000043       0x44 ./Core/Src/lcd_drv.o
 .comment       0x00000043       0x44 ./Core/Src/main.o
 .comment       0x00000043       0x44 ./Core/Src/stm32f4xx_hal_msp.o
 .comment       0x00000043       0x44 ./Core/Src/stm32f4xx_it.o
 .comment       0x00000043       0x44 ./Core/Src/system_stm32f4xx.o
 .comment       0x00000043       0x44 ./Core/Src/filter/filter.o
 .comment       0x00000043       0x44 ./Drivers/STM32F4xx_HAL_Driver/Src/stm32f4xx_hal.o
 .comment       0x00000043       0x44 ./Drivers/STM32F4xx_HAL_Driver/Src/stm32f4xx_hal_cortex.o
 .comment       0x00000043       0x44 ./Drivers/STM32F4xx_HAL_Driver/Src/stm32f4xx_hal_dcmi.o
 .comment       0x00000043       0x44 ./Drivers/STM32F4xx_HAL_Driver/Src/stm32f4xx_hal_dcmi_ex.o
 .comment       0x00000043       0x44 ./Drivers/STM32F4xx_HAL_Driver/Src/stm32f4xx_hal_dma.o
 .comment       0x00000043       0x44 ./Drivers/STM32F4xx_HAL_Driver/Src/stm32f4xx_hal_dma_ex.o
 .comment       0x00000043       0x44 ./Drivers/STM32F4xx_HAL_Driver/Src/stm32f4xx_hal_gpio.o
 .comment       0x00000043       0x44 ./Drivers/STM32F4xx_HAL_Driver/Src/stm32f4xx_hal_i2c.o
 .comment       0x00000043       0x44 ./Drivers/STM32F4xx_HAL_Driver/Src/stm32f4xx_hal_i2c_ex.o
 .comment       0x00000043       0x44 ./Drivers/STM32F4xx_HAL_Driver/Src/stm32f4xx_hal_pwr_ex.o
 .comment       0x00000043       0x44 ./Drivers/STM32F4xx_HAL_Driver/Src/stm32f4xx_hal_rcc.o
 .comment       0x00000043       0x44 ./Drivers/STM32F4xx_HAL_Driver/Src/stm32f4xx_hal_spi.o

.debug_frame    0x00000000     0x3138
 .debug_frame   0x00000000      0x140 ./Core/Src/camera_drv.o
 .debug_frame   0x00000140      0x20c ./Core/Src/lcd_drv.o
 .debug_frame   0x0000034c      0x198 ./Core/Src/main.o
 .debug_frame   0x000004e4      0x10c ./Core/Src/stm32f4xx_hal_msp.o
 .debug_frame   0x000005f0      0x120 ./Core/Src/stm32f4xx_it.o
 .debug_frame   0x00000710       0x58 ./Core/Src/system_stm32f4xx.o
 .debug_frame   0x00000768       0x38 ./Core/Src/filter/filter.o
 .debug_frame   0x000007a0      0x3b4 ./Drivers/STM32F4xx_HAL_Driver/Src/stm32f4xx_hal.o
 .debug_frame   0x00000b54      0x508 ./Drivers/STM32F4xx_HAL_Driver/Src/stm32f4xx_hal_cortex.o
 .debug_frame   0x0000105c      0x340 ./Drivers/STM32F4xx_HAL_Driver/Src/stm32f4xx_hal_dcmi.o
 .debug_frame   0x0000139c       0x34 ./Drivers/STM32F4xx_HAL_Driver/Src/stm32f4xx_hal_dcmi_ex.o
 .debug_frame   0x000013d0      0x250 ./Drivers/STM32F4xx_HAL_Driver/Src/stm32f4xx_hal_dma.o
 .debug_frame   0x00001620       0xac ./Drivers/STM32F4xx_HAL_Driver/Src/stm32f4xx_hal_dma_ex.o
 .debug_frame   0x000016cc      0x14c ./Drivers/STM32F4xx_HAL_Driver/Src/stm32f4xx_hal_gpio.o
 .debug_frame   0x00001818      0xc84 ./Drivers/STM32F4xx_HAL_Driver/Src/stm32f4xx_hal_i2c.o
 .debug_frame   0x0000249c       0x60 ./Drivers/STM32F4xx_HAL_Driver/Src/stm32f4xx_hal_i2c_ex.o
 .debug_frame   0x000024fc      0x14c ./Drivers/STM32F4xx_HAL_Driver/Src/stm32f4xx_hal_pwr_ex.o
 .debug_frame   0x00002648      0x1f4 ./Drivers/STM32F4xx_HAL_Driver/Src/stm32f4xx_hal_rcc.o
 .debug_frame   0x0000283c      0x828 ./Drivers/STM32F4xx_HAL_Driver/Src/stm32f4xx_hal_spi.o
 .debug_frame   0x00003064       0x20 C:/ST/STM32CubeIDE_1.18.1/STM32CubeIDE/plugins/com.st.stm32cube.ide.mcu.externaltools.gnu-tools-for-stm32.13.3.rel1.win32_1.0.0.202411081344/tools/bin/../lib/gcc/arm-none-eabi/13.3.1/../../../../arm-none-eabi/lib/thumb/v7e-m+fp/hard\libc_nano.a(libc_a-memset.o)
 .debug_frame   0x00003084       0x2c C:/ST/STM32CubeIDE_1.18.1/STM32CubeIDE/plugins/com.st.stm32cube.ide.mcu.externaltools.gnu-tools-for-stm32.13.3.rel1.win32_1.0.0.202411081344/tools/bin/../lib/gcc/arm-none-eabi/13.3.1/../../../../arm-none-eabi/lib/thumb/v7e-m+fp/hard\libc_nano.a(libc_a-init.o)
 .debug_frame   0x000030b0       0x28 C:/ST/STM32CubeIDE_1.18.1/STM32CubeIDE/plugins/com.st.stm32cube.ide.mcu.externaltools.gnu-tools-for-stm32.13.3.rel1.win32_1.0.0.202411081344/tools/bin/../lib/gcc/arm-none-eabi/13.3.1/../../../../arm-none-eabi/lib/thumb/v7e-m+fp/hard\libc_nano.a(libc_a-memcpy-stub.o)
 .debug_frame   0x000030d8       0x2c C:/ST/STM32CubeIDE_1.18.1/STM32CubeIDE/plugins/com.st.stm32cube.ide.mcu.externaltools.gnu-tools-for-stm32.13.3.rel1.win32_1.0.0.202411081344/tools/bin/../lib/gcc/arm-none-eabi/13.3.1/thumb/v7e-m+fp/hard\libgcc.a(_aeabi_uldivmod.o)
 .debug_frame   0x00003104       0x34 C:/ST/STM32CubeIDE_1.18.1/STM32CubeIDE/plugins/com.st.stm32cube.ide.mcu.externaltools.gnu-tools-for-stm32.13.3.rel1.win32_1.0.0.202411081344/tools/bin/../lib/gcc/arm-none-eabi/13.3.1/thumb/v7e-m+fp/hard\libgcc.a(_udivmoddi4.o)

.debug_line_str
                0x00000000       0x6a
 .debug_line_str
                0x00000000       0x6a ./Core/Startup/startup_stm32f429zitx.o
