Archive member included to satisfy reference by file (symbol)

C:/ST/STM32CubeIDE_1.18.1/STM32CubeIDE/plugins/com.st.stm32cube.ide.mcu.externaltools.gnu-tools-for-stm32.13.3.rel1.win32_1.0.0.202411081344/tools/bin/../lib/gcc/arm-none-eabi/13.3.1/../../../../arm-none-eabi/lib/thumb/v7e-m+fp/hard\libc_nano.a(libc_a-exit.o)
                              C:/ST/STM32CubeIDE_1.18.1/STM32CubeIDE/plugins/com.st.stm32cube.ide.mcu.externaltools.gnu-tools-for-stm32.13.3.rel1.win32_1.0.0.202411081344/tools/bin/../lib/gcc/arm-none-eabi/13.3.1/../../../../arm-none-eabi/lib/thumb/v7e-m+fp/hard/crt0.o (exit)
C:/ST/STM32CubeIDE_1.18.1/STM32CubeIDE/plugins/com.st.stm32cube.ide.mcu.externaltools.gnu-tools-for-stm32.13.3.rel1.win32_1.0.0.202411081344/tools/bin/../lib/gcc/arm-none-eabi/13.3.1/../../../../arm-none-eabi/lib/thumb/v7e-m+fp/hard\libc_nano.a(libc_a-findfp.o)
                              C:/ST/STM32CubeIDE_1.18.1/STM32CubeIDE/plugins/com.st.stm32cube.ide.mcu.externaltools.gnu-tools-for-stm32.13.3.rel1.win32_1.0.0.202411081344/tools/bin/../lib/gcc/arm-none-eabi/13.3.1/../../../../arm-none-eabi/lib/thumb/v7e-m+fp/hard\libc_nano.a(libc_a-exit.o) (__stdio_exit_handler)
C:/ST/STM32CubeIDE_1.18.1/STM32CubeIDE/plugins/com.st.stm32cube.ide.mcu.externaltools.gnu-tools-for-stm32.13.3.rel1.win32_1.0.0.202411081344/tools/bin/../lib/gcc/arm-none-eabi/13.3.1/../../../../arm-none-eabi/lib/thumb/v7e-m+fp/hard\libc_nano.a(libc_a-fwalk.o)
                              C:/ST/STM32CubeIDE_1.18.1/STM32CubeIDE/plugins/com.st.stm32cube.ide.mcu.externaltools.gnu-tools-for-stm32.13.3.rel1.win32_1.0.0.202411081344/tools/bin/../lib/gcc/arm-none-eabi/13.3.1/../../../../arm-none-eabi/lib/thumb/v7e-m+fp/hard\libc_nano.a(libc_a-findfp.o) (_fwalk_sglue)
C:/ST/STM32CubeIDE_1.18.1/STM32CubeIDE/plugins/com.st.stm32cube.ide.mcu.externaltools.gnu-tools-for-stm32.13.3.rel1.win32_1.0.0.202411081344/tools/bin/../lib/gcc/arm-none-eabi/13.3.1/../../../../arm-none-eabi/lib/thumb/v7e-m+fp/hard\libc_nano.a(libc_a-stdio.o)
                              C:/ST/STM32CubeIDE_1.18.1/STM32CubeIDE/plugins/com.st.stm32cube.ide.mcu.externaltools.gnu-tools-for-stm32.13.3.rel1.win32_1.0.0.202411081344/tools/bin/../lib/gcc/arm-none-eabi/13.3.1/../../../../arm-none-eabi/lib/thumb/v7e-m+fp/hard\libc_nano.a(libc_a-findfp.o) (__sread)
C:/ST/STM32CubeIDE_1.18.1/STM32CubeIDE/plugins/com.st.stm32cube.ide.mcu.externaltools.gnu-tools-for-stm32.13.3.rel1.win32_1.0.0.202411081344/tools/bin/../lib/gcc/arm-none-eabi/13.3.1/../../../../arm-none-eabi/lib/thumb/v7e-m+fp/hard\libc_nano.a(libc_a-memset.o)
                              C:/ST/STM32CubeIDE_1.18.1/STM32CubeIDE/plugins/com.st.stm32cube.ide.mcu.externaltools.gnu-tools-for-stm32.13.3.rel1.win32_1.0.0.202411081344/tools/bin/../lib/gcc/arm-none-eabi/13.3.1/../../../../arm-none-eabi/lib/thumb/v7e-m+fp/hard/crt0.o (memset)
C:/ST/STM32CubeIDE_1.18.1/STM32CubeIDE/plugins/com.st.stm32cube.ide.mcu.externaltools.gnu-tools-for-stm32.13.3.rel1.win32_1.0.0.202411081344/tools/bin/../lib/gcc/arm-none-eabi/13.3.1/../../../../arm-none-eabi/lib/thumb/v7e-m+fp/hard\libc_nano.a(libc_a-closer.o)
                              C:/ST/STM32CubeIDE_1.18.1/STM32CubeIDE/plugins/com.st.stm32cube.ide.mcu.externaltools.gnu-tools-for-stm32.13.3.rel1.win32_1.0.0.202411081344/tools/bin/../lib/gcc/arm-none-eabi/13.3.1/../../../../arm-none-eabi/lib/thumb/v7e-m+fp/hard\libc_nano.a(libc_a-stdio.o) (_close_r)
C:/ST/STM32CubeIDE_1.18.1/STM32CubeIDE/plugins/com.st.stm32cube.ide.mcu.externaltools.gnu-tools-for-stm32.13.3.rel1.win32_1.0.0.202411081344/tools/bin/../lib/gcc/arm-none-eabi/13.3.1/../../../../arm-none-eabi/lib/thumb/v7e-m+fp/hard\libc_nano.a(libc_a-reent.o)
                              C:/ST/STM32CubeIDE_1.18.1/STM32CubeIDE/plugins/com.st.stm32cube.ide.mcu.externaltools.gnu-tools-for-stm32.13.3.rel1.win32_1.0.0.202411081344/tools/bin/../lib/gcc/arm-none-eabi/13.3.1/../../../../arm-none-eabi/lib/thumb/v7e-m+fp/hard\libc_nano.a(libc_a-closer.o) (errno)
C:/ST/STM32CubeIDE_1.18.1/STM32CubeIDE/plugins/com.st.stm32cube.ide.mcu.externaltools.gnu-tools-for-stm32.13.3.rel1.win32_1.0.0.202411081344/tools/bin/../lib/gcc/arm-none-eabi/13.3.1/../../../../arm-none-eabi/lib/thumb/v7e-m+fp/hard\libc_nano.a(libc_a-impure.o)
                              C:/ST/STM32CubeIDE_1.18.1/STM32CubeIDE/plugins/com.st.stm32cube.ide.mcu.externaltools.gnu-tools-for-stm32.13.3.rel1.win32_1.0.0.202411081344/tools/bin/../lib/gcc/arm-none-eabi/13.3.1/../../../../arm-none-eabi/lib/thumb/v7e-m+fp/hard\libc_nano.a(libc_a-reent.o) (_impure_ptr)
C:/ST/STM32CubeIDE_1.18.1/STM32CubeIDE/plugins/com.st.stm32cube.ide.mcu.externaltools.gnu-tools-for-stm32.13.3.rel1.win32_1.0.0.202411081344/tools/bin/../lib/gcc/arm-none-eabi/13.3.1/../../../../arm-none-eabi/lib/thumb/v7e-m+fp/hard\libc_nano.a(libc_a-lseekr.o)
[...]
Memory Configuration

Name             Origin             Length             Attributes
CCMRAM           0x10000000         0x00010000         xrw
RAM              0x20000000         0x00030000         xrw
FLASH            0x08000000         0x00200000         xr
*default*        0x00000000         0xffffffff

Linker script and memory map

LOAD C:/ST/STM32CubeIDE_1.18.1/STM32CubeIDE/plugins/com.st.stm32cube.ide.mcu.externaltools.gnu-tools-for-stm32.13.3.rel1.win32_1.0.0.202411081344/tools/bin/../lib/gcc/arm-none-eabi/13.3.1/thumb/v7e-m+fp/hard/crti.o
LOAD C:/ST/STM32CubeIDE_1.18.1/STM32CubeIDE/plugins/com.st.stm32cube.ide.mcu.externaltools.gnu-tools-for-stm32.13.3.rel1.win32_1.0.0.202411081344/tools/bin/../lib/gcc/arm-none-eabi/13.3.1/thumb/v7e-m+fp/hard/crtbegin.o
LOAD C:/ST/STM32CubeIDE_1.18.1/STM32CubeIDE/plugins/com.st.stm32cube.ide.mcu.externaltools.gnu-tools-for-stm32.13.3.rel1.win32_1.0.0.202411081344/tools/bin/../lib/gcc/arm-none-eabi/13.3.1/../../../../arm-none-eabi/lib/thumb/v7e-m+fp/hard/crt0.o
LOAD ./Core/Src/camera_drv.o
LOAD ./Core/Src/lcd_drv.o
LOAD ./Core/Src/main.o
LOAD ./Core/Src/stm32f4xx_hal_msp.o
LOAD ./Core/Src/stm32f4xx_it.o
LOAD ./Core/Src/syscalls.o
LOAD ./Core/Src/sysmem.o
LOAD ./Core/Src/system_stm32f4xx.o
LOAD ./Core/Startup/startup_stm32f429zitx.o
LOAD ./Drivers/STM32F4xx_HAL_Driver/Src/stm32f4xx_hal.o
LOAD ./Drivers/STM32F4xx_HAL_Driver/Src/stm32f4xx_hal_cortex.o
LOAD ./Drivers/STM32F4xx_HAL_Driver/Src/stm32f4xx_hal_dcmi.o
LOAD ./Drivers/STM32F4xx_HAL_Driver/Src/stm32f4xx_hal_dcmi_ex.o
LOAD ./Drivers/STM32F4xx_HAL_Driver/Src/stm32f4xx_hal_dma.o
LOAD ./Drivers/STM32F4xx_HAL_Driver/Src/stm32f4xx_hal_dma_ex.o
LOAD ./Drivers/STM32F4xx_HAL_Driver/Src/stm32f4xx_hal_exti.o
LOAD ./Drivers/STM32F4xx_HAL_Driver/Src/stm32f4xx_hal_flash.o
LOAD ./Drivers/STM32F4xx_HAL_Driver/Src/stm32f4xx_hal_flash_ex.o
LOAD ./Drivers/STM32F4xx_HAL_Driver/Src/stm32f4xx_hal_flash_ramfunc.o
LOAD ./Drivers/STM32F4xx_HAL_Driver/Src/stm32f4xx_hal_gpio.o
LOAD ./Drivers/STM32F4xx_HAL_Driver/Src/stm32f4xx_hal_i2c.o
LOAD ./Drivers/STM32F4xx_HAL_Driver/Src/stm32f4xx_hal_i2c_ex.o
LOAD ./Drivers/STM32F4xx_HAL_Driver/Src/stm32f4xx_hal_pwr.o
LOAD ./Drivers/STM32F4xx_HAL_Driver/Src/stm32f4xx_hal_pwr_ex.o
LOAD ./Drivers/STM32F4xx_HAL_Driver/Src/stm32f4xx_hal_rcc.o
LOAD ./Drivers/STM32F4xx_HAL_Driver/Src/stm32f4xx_hal_rcc_ex.o
LOAD ./Drivers/STM32F4xx_HAL_Driver/Src/stm32f4xx_hal_spi.o
START GROUP
LOAD C:/ST/STM32CubeIDE_1.18.1/STM32CubeIDE/plugins/com.st.stm32cube.ide.mcu.externaltools.gnu-tools-for-stm32.13.3.rel1.win32_1.0.0.202411081344/tools/bin/../lib/gcc/arm-none-eabi/13.3.1/../../../../arm-none-eabi/lib/thumb/v7e-m+fp/hard\libc_nano.a
LOAD C:/ST/STM32CubeIDE_1.18.1/STM32CubeIDE/plugins/com.st.stm32cube.ide.mcu.externaltools.gnu-tools-for-stm32.13.3.rel1.win32_1.0.0.202411081344/tools/bin/../lib/gcc/arm-none-eabi/13.3.1/../../../../arm-none-eabi/lib/thumb/v7e-m+fp/hard\libm.a
END GROUP
START GROUP
LOAD C:/ST/STM32CubeIDE_1.18.1/STM32CubeIDE/plugins/com.st.stm32cube.ide.mcu.externaltools.gnu-tools-for-stm32.13.3.rel1.win32_1.0.0.202411081344/tools/bin/../lib/gcc/arm-none-eabi/13.3.1/thumb/v7e-m+fp/hard\libgcc.a
LOAD C:/ST/STM32CubeIDE_1.18.1/STM32CubeIDE/plugins/com.st.stm32cube.ide.mcu.externaltools.gnu-tools-for-stm32.13.3.rel1.win32_1.0.0.202411081344/tools/bin/../lib/gcc/arm-none-eabi/13.3.1/../../../../arm-none-eabi/lib/thumb/v7e-m+fp/hard\libc_nano.a
END GROUP
START GROUP
LOAD C:/ST/STM32CubeIDE_1.18.1/STM32CubeIDE/plugins/com.st.stm32cube.ide.mcu.externaltools.gnu-tools-for-stm32.13.3.rel1.win32_1.0.0.202411081344/tools/bin/../lib/gcc/arm-none-eabi/13.3.1/thumb/v7e-m+fp/hard\libgcc.a
LOAD C:/ST/STM32CubeIDE_1.18.1/STM32CubeIDE/plugins/com.st.stm32cube.ide.mcu.externaltools.gnu-tools-for-stm32.13.3.rel1.win32_1.0.0.202411081344/tools/bin/../lib/gcc/arm-none-eabi/13.3.1/../../../../arm-none-eabi/lib/thumb/v7e-m+fp/hard\libc_nano.a
LOAD C:/ST/STM32CubeIDE_1.18.1/STM32CubeIDE/plugins/com.st.stm32cube.ide.mcu.externaltools.gnu-tools-for-stm32.13.3.rel1.win32_1.0.0.202411081344/tools/bin/../lib/gcc/arm-none-eabi/13.3.1/../../../../arm-none-eabi/lib/thumb/v7e-m+fp/hard\libnosys.a
END GROUP
START GROUP
LOAD C:/ST/STM32CubeIDE_1.18.1/STM32CubeIDE/plugins/com.st.stm32cube.ide.mcu.externaltools.gnu-tools-for-stm32.13.3.rel1.win32_1.0.0.202411081344/tools/bin/../lib/gcc/arm-none-eabi/13.3.1/thumb/v7e-m+fp/hard\libgcc.a
LOAD C:/ST/STM32CubeIDE_1.18.1/STM32CubeIDE/plugins/com.st.stm32cube.ide.mcu.externaltools.gnu-tools-for-stm32.13.3.rel1.win32_1.0.0.202411081344/tools/bin/../lib/gcc/arm-none-eabi/13.3.1/../../../../arm-none-eabi/lib/thumb/v7e-m+fp/hard\libc_nano.a
LOAD C:/ST/STM32CubeIDE_1.18.1/STM32CubeIDE/plugins/com.st.stm32cube.ide.mcu.externaltools.gnu-tools-for-stm32.13.3.rel1.win32_1.0.0.202411081344/tools/bin/../lib/gcc/arm-none-eabi/13.3.1/../../../../arm-none-eabi/lib/thumb/v7e-m+fp/hard\libnosys.a
END GROUP
LOAD C:/ST/STM32CubeIDE_1.18.1/STM32CubeIDE/plugins/com.st.stm32cube.ide.mcu.externaltools.gnu-tools-for-stm32.13.3.rel1.win32_1.0.0.202411081344/tools/bin/../lib/gcc/arm-none-eabi/13.3.1/thumb/v7e-m+fp/hard/crtend.o
LOAD C:/ST/STM32CubeIDE_1.18.1/STM32CubeIDE/plugins/com.st.stm32cube.ide.mcu.externaltools.gnu-tools-for-stm32.13.3.rel1.win32_1.0.0.202411081344/tools/bin/../lib/gcc/arm-none-eabi/13.3.1/thumb/v7e-m+fp/hard/crtn.o
                0x20030000                        _estack = (ORIGIN (RAM) + LENGTH (RAM))
                0x00000200                        _Min_Heap_Size = 0x200
                0x00000400                        _Min_Stack_Size = 0x400

.isr_vector     0x08000000      0x1ac
                0x08000000                        . = ALIGN (0x4)
 *(.isr_vector)
 .isr_vector    0x08000000      0x1ac ./Core/Startup/startup_stm32f429zitx.o
                0x08000000                g_pfnVectors
                0x080001ac                        . = ALIGN (0x4)

.text           0x080001ac     0x5310
                0x080001ac                        . = ALIGN (0x4)
 *(.text)
 .text          0x080001ac       0x40 C:/ST/STM32CubeIDE_1.18.1/STM32CubeIDE/plugins/com.st.stm32cube.ide.mcu.externaltools.gnu-tools-for-stm32.13.3.rel1.win32_1.0.0.202411081344/tools/bin/../lib/gcc/arm-none-eabi/13.3.1/thumb/v7e-m+fp/hard/crtbegin.o
 .text          0x080001ec       0x30 C:/ST/STM32CubeIDE_1.18.1/STM32CubeIDE/plugins/com.st.stm32cube.ide.mcu.externaltools.gnu-tools-for-stm32.13.3.rel1.win32_1.0.0.202411081344/tools/bin/../lib/gcc/arm-none-eabi/13.3.1/thumb/v7e-m+fp/hard\libgcc.a(_aeabi_uldivmod.o)
                0x080001ec                __aeabi_uldivmod
 .text          0x0800021c      0x2f8 C:/ST/STM32CubeIDE_1.18.1/STM32CubeIDE/plugins/com.st.stm32cube.ide.mcu.externaltools.gnu-tools-for-stm32.13.3.rel1.win32_1.0.0.202411081344/tools/bin/../lib/gcc/arm-none-eabi/13.3.1/thumb/v7e-m+fp/hard\libgcc.a(_udivmoddi4.o)
                0x0800021c                __udivmoddi4
 .text          0x08000514        0x4 C:/ST/STM32CubeIDE_1.18.1/STM32CubeIDE/plugins/com.st.stm32cube.ide.mcu.externaltools.gnu-tools-for-stm32.13.3.rel1.win32_1.0.0.202411081344/tools/bin/../lib/gcc/arm-none-eabi/13.3.1/thumb/v7e-m+fp/hard\libgcc.a(_dvmd_tls.o)
                0x08000514                __aeabi_idiv0
                0x08000514                __aeabi_ldiv0
 *(.text*)
 .text.Camera_Open
                0x08000518       0x88 ./Core/Src/camera_drv.o
                0x08000518                Camera_Open
 .text.Camera_Delay
                0x080005a0       0x28 ./Core/Src/camera_drv.o
                0x080005a0                Camera_Delay
 .text.Camera_Init
                0x080005c8       0x6c ./Core/Src/camera_drv.o
 .text.Camera_Write
                0x08000634       0x44 ./Core/Src/camera_drv.o
                0x08000634                Camera_Write
 .text.Camera_GPIO_Init
                0x08000678      0x188 ./Core/Src/camera_drv.o
 .text.Camera_DCMI_Init
                0x08000800       0x54 ./Core/Src/camera_drv.o
 .text.Camera_XCLK_Init
                0x08000854       0x40 ./Core/Src/camera_drv.o
 .text.Camera_DMA_Init
                0x08000894       0x9c ./Core/Src/camera_drv.o
 .text.Camera_I2C_Init
                0x08000930       0x84 ./Core/Src/camera_drv.o
 .text.LCD_Open
                0x080009b4       0x24 ./Core/Src/lcd_drv.o
                0x080009b4                LCD_Open
 .text.LCD_GPIO_Init
                0x080009d8       0xfc ./Core/Src/lcd_drv.o
 .text.LCD_SPI_Init
                0x08000ad4       0x7c ./Core/Src/lcd_drv.o
 .text.LCD_Init
                0x08000b50      0x2a4 ./Core/Src/lcd_drv.o
 .text.LCD_SPI_Send
                0x08000df4       0x28 ./Core/Src/lcd_drv.o
                0x08000df4                LCD_SPI_Send
 .text.LCD_Write_Command
                0x08000e1c       0x44 ./Core/Src/lcd_drv.o
                0x08000e1c                LCD_Write_Command
 .text.LCD_Write_Data
                0x08000e60       0x44 ./Core/Src/lcd_drv.o
                0x08000e60                LCD_Write_Data
 .text.LCD_Set_Cursor_Position
                0x08000ea4       0x92 ./Core/Src/lcd_drv.o
                0x08000ea4                LCD_Set_Cursor_Position
 *fill*         0x08000f36        0x2 
 .text.LCD_Fill_Screen
                0x08000f38       0x80 ./Core/Src/lcd_drv.o
                0x08000f38                LCD_Fill_Screen
 .text.LCD_Delay
                0x08000fb8       0x24 ./Core/Src/lcd_drv.o
                0x08000fb8                LCD_Delay
 .text.LCD_Display_Image
                0x08000fdc       0x94 ./Core/Src/lcd_drv.o
                0x08000fdc                LCD_Display_Image
 .text.LCD_Set_Rotation
                0x08001070       0x64 ./Core/Src/lcd_drv.o
                0x08001070                LCD_Set_Rotation
 .text.main     0x080010d4       0x64 ./Core/Src/main.o
                0x080010d4                main
 .text.SystemClock_Config
                0x08001138       0xf4 ./Core/Src/main.o
                0x08001138                SystemClock_Config
 .text.Error_Handler
                0x0800122c        0xc ./Core/Src/main.o
                0x0800122c                Error_Handler
 .text.HAL_MspInit
                0x08001238       0x50 ./Core/Src/stm32f4xx_hal_msp.o
                0x08001238                HAL_MspInit
 .text.HAL_DCMI_MspInit
                0x08001288      0x128 ./Core/Src/stm32f4xx_hal_msp.o
                0x08001288                HAL_DCMI_MspInit
 .text.HAL_I2C_MspInit
                0x080013b0       0x90 ./Core/Src/stm32f4xx_hal_msp.o
                0x080013b0                HAL_I2C_MspInit
 .text.HAL_SPI_MspInit
                0x08001440       0x90 ./Core/Src/stm32f4xx_hal_msp.o
                0x08001440                HAL_SPI_MspInit
 .text.NMI_Handler
                0x080014d0        0x8 ./Core/Src/stm32f4xx_it.o
                0x080014d0                NMI_Handler
 .text.HardFault_Handler
                0x080014d8        0x8 ./Core/Src/stm32f4xx_it.o
                0x080014d8                HardFault_Handler
 .text.MemManage_Handler
                0x080014e0        0x8 ./Core/Src/stm32f4xx_it.o
                0x080014e0                MemManage_Handler
 .text.BusFault_Handler
                0x080014e8        0x8 ./Core/Src/stm32f4xx_it.o
                0x080014e8                BusFault_Handler
 .text.UsageFault_Handler
                0x080014f0        0x8 ./Core/Src/stm32f4xx_it.o
                0x080014f0                UsageFault_Handler
 .text.SVC_Handler
                0x080014f8        0xe ./Core/Src/stm32f4xx_it.o
                0x080014f8                SVC_Handler
 .text.DebugMon_Handler
                0x08001506        0xe ./Core/Src/stm32f4xx_it.o
                0x08001506                DebugMon_Handler
 .text.PendSV_Handler
                0x08001514        0xe ./Core/Src/stm32f4xx_it.o
                0x08001514                PendSV_Handler
 .text.SysTick_Handler
                0x08001522        0xc ./Core/Src/stm32f4xx_it.o
                0x08001522                SysTick_Handler
 *fill*         0x0800152e        0x2 
 .text.DMA2_Stream1_IRQHandler
                0x08001530       0x14 ./Core/Src/stm32f4xx_it.o
                0x08001530                DMA2_Stream1_IRQHandler
 .text.SystemInit
                0x08001544       0x24 ./Core/Src/system_stm32f4xx.o
                0x08001544                SystemInit
 .text.Reset_Handler
                0x08001568       0x50 ./Core/Startup/startup_stm32f429zitx.o
                0x08001568                Reset_Handler
 .text.Default_Handler
                0x080015b8        0x2 ./Core/Startup/startup_stm32f429zitx.o
                0x080015b8                RTC_Alarm_IRQHandler
                0x080015b8                HASH_RNG_IRQHandler
                0x080015b8                EXTI2_IRQHandler
                0x080015b8                TIM8_CC_IRQHandler
                0x080015b8                UART8_IRQHandler
                0x080015b8                SPI4_IRQHandler
                0x080015b8                TIM1_CC_IRQHandler
                0x080015b8                DMA2_Stream5_IRQHandler
                0x080015b8                DMA1_Stream5_IRQHandler
                0x080015b8                PVD_IRQHandler
                0x080015b8                SDIO_IRQHandler
                0x080015b8                TAMP_STAMP_IRQHandler
                0x080015b8                CAN2_RX1_IRQHandler
                0x080015b8                EXTI3_IRQHandler
                0x080015b8                TIM8_TRG_COM_TIM14_IRQHandler
                0x080015b8                TIM1_UP_TIM10_IRQHandler
                0x080015b8                TIM8_UP_TIM13_IRQHandler
                0x080015b8                I2C3_ER_IRQHandler
                0x080015b8                EXTI0_IRQHandler
                0x080015b8                I2C2_EV_IRQHandler
                0x080015b8                DMA1_Stream2_IRQHandler
                0x080015b8                CAN1_RX0_IRQHandler
                0x080015b8                FPU_IRQHandler
                0x080015b8                OTG_HS_WKUP_IRQHandler
                0x080015b8                LTDC_ER_IRQHandler
                0x080015b8                CAN2_SCE_IRQHandler
                0x080015b8                DMA2_Stream2_IRQHandler
                0x080015b8                SPI1_IRQHandler
                0x080015b8                TIM6_DAC_IRQHandler
                0x080015b8                TIM1_BRK_TIM9_IRQHandler
                0x080015b8                DCMI_IRQHandler
                0x080015b8                CAN2_RX0_IRQHandler
                0x080015b8                DMA2_Stream3_IRQHandler
                0x080015b8                USART6_IRQHandler
                0x080015b8                USART3_IRQHandler
                0x080015b8                CAN1_RX1_IRQHandler
                0x080015b8                UART5_IRQHandler
                0x080015b8                DMA2_Stream0_IRQHandler
                0x080015b8                TIM4_IRQHandler
                0x080015b8                I2C1_EV_IRQHandler
                0x080015b8                DMA1_Stream6_IRQHandler
                0x080015b8                DMA1_Stream1_IRQHandler
                0x080015b8                UART4_IRQHandler
                0x080015b8                TIM3_IRQHandler
                0x080015b8                RCC_IRQHandler
                0x080015b8                TIM8_BRK_TIM12_IRQHandler
                0x080015b8                Default_Handler
                0x080015b8                EXTI15_10_IRQHandler
                0x080015b8                ADC_IRQHandler
                0x080015b8                DMA1_Stream7_IRQHandler
                0x080015b8                SPI5_IRQHandler
                0x080015b8                TIM7_IRQHandler
                0x080015b8                CAN2_TX_IRQHandler
                0x080015b8                TIM5_IRQHandler
                0x080015b8                DMA2_Stream7_IRQHandler
                0x080015b8                I2C3_EV_IRQHandler
                0x080015b8                EXTI9_5_IRQHandler
                0x080015b8                RTC_WKUP_IRQHandler
                0x080015b8                LTDC_IRQHandler
                0x080015b8                ETH_WKUP_IRQHandler
                0x080015b8                SPI2_IRQHandler
                0x080015b8                OTG_HS_EP1_IN_IRQHandler
                0x080015b8                DMA1_Stream0_IRQHandler
                0x080015b8                CAN1_TX_IRQHandler
                0x080015b8                EXTI4_IRQHandler
                0x080015b8                ETH_IRQHandler
                0x080015b8                OTG_HS_EP1_OUT_IRQHandler
                0x080015b8                WWDG_IRQHandler
                0x080015b8                SPI6_IRQHandler
                0x080015b8                TIM2_IRQHandler
                0x080015b8                OTG_FS_WKUP_IRQHandler
                0x080015b8                TIM1_TRG_COM_TIM11_IRQHandler
                0x080015b8                OTG_HS_IRQHandler
                0x080015b8                DMA2D_IRQHandler
                0x080015b8                EXTI1_IRQHandler
                0x080015b8                UART7_IRQHandler
                0x080015b8                USART2_IRQHandler
                0x080015b8                I2C2_ER_IRQHandler
                0x080015b8                CAN1_SCE_IRQHandler
                0x080015b8                FLASH_IRQHandler
                0x080015b8                DMA2_Stream4_IRQHandler
                0x080015b8                USART1_IRQHandler
                0x080015b8                OTG_FS_IRQHandler
                0x080015b8                SPI3_IRQHandler
                0x080015b8                DMA1_Stream4_IRQHandler
                0x080015b8                I2C1_ER_IRQHandler
                0x080015b8                FMC_IRQHandler
                0x080015b8                DMA2_Stream6_IRQHandler
                0x080015b8                SAI1_IRQHandler
                0x080015b8                DMA1_Stream3_IRQHandler
 *fill*         0x080015ba        0x2 
 .text.HAL_Init
                0x080015bc       0x44 ./Drivers/STM32F4xx_HAL_Driver/Src/stm32f4xx_hal.o
                0x080015bc                HAL_Init
 .text.HAL_InitTick
                0x08001600       0x60 ./Drivers/STM32F4xx_HAL_Driver/Src/stm32f4xx_hal.o
                0x08001600                HAL_InitTick
 .text.HAL_IncTick
                0x08001660       0x28 ./Drivers/STM32F4xx_HAL_Driver/Src/stm32f4xx_hal.o
                0x08001660                HAL_IncTick
 .text.HAL_GetTick
                0x08001688       0x18 ./Drivers/STM32F4xx_HAL_Driver/Src/stm32f4xx_hal.o
                0x08001688                HAL_GetTick
 .text.HAL_Delay
                0x080016a0       0x48 ./Drivers/STM32F4xx_HAL_Driver/Src/stm32f4xx_hal.o
                0x080016a0                HAL_Delay
 .text.__NVIC_SetPriorityGrouping
                0x080016e8       0x48 ./Drivers/STM32F4xx_HAL_Driver/Src/stm32f4xx_hal_cortex.o
 .text.__NVIC_GetPriorityGrouping
                0x08001730       0x1c ./Drivers/STM32F4xx_HAL_Driver/Src/stm32f4xx_hal_cortex.o
 .text.__NVIC_EnableIRQ
                0x0800174c       0x3c ./Drivers/STM32F4xx_HAL_Driver/Src/stm32f4xx_hal_cortex.o
 .text.__NVIC_SetPriority
                0x08001788       0x54 ./Drivers/STM32F4xx_HAL_Driver/Src/stm32f4xx_hal_cortex.o
 .text.NVIC_EncodePriority
                0x080017dc       0x66 ./Drivers/STM32F4xx_HAL_Driver/Src/stm32f4xx_hal_cortex.o
 *fill*         0x08001842        0x2 
 .text.SysTick_Config
                0x08001844       0x44 ./Drivers/STM32F4xx_HAL_Driver/Src/stm32f4xx_hal_cortex.o
 .text.HAL_NVIC_SetPriorityGrouping
                0x08001888       0x16 ./Drivers/STM32F4xx_HAL_Driver/Src/stm32f4xx_hal_cortex.o
                0x08001888                HAL_NVIC_SetPriorityGrouping
 .text.HAL_NVIC_SetPriority
                0x0800189e       0x38 ./Drivers/STM32F4xx_HAL_Driver/Src/stm32f4xx_hal_cortex.o
                0x0800189e                HAL_NVIC_SetPriority
 .text.HAL_NVIC_EnableIRQ
                0x080018d6       0x1c ./Drivers/STM32F4xx_HAL_Driver/Src/stm32f4xx_hal_cortex.o
                0x080018d6                HAL_NVIC_EnableIRQ
 .text.HAL_SYSTICK_Config
                0x080018f2       0x18 ./Drivers/STM32F4xx_HAL_Driver/Src/stm32f4xx_hal_cortex.o
                0x080018f2                HAL_SYSTICK_Config
 *fill*         0x0800190a        0x2 
 .text.HAL_DCMI_Start_DMA
                0x0800190c      0x148 ./Drivers/STM32F4xx_HAL_Driver/Src/stm32f4xx_hal_dcmi.o
                0x0800190c                HAL_DCMI_Start_DMA
 .text.HAL_DCMI_ErrorCallback
                0x08001a54       0x14 ./Drivers/STM32F4xx_HAL_Driver/Src/stm32f4xx_hal_dcmi.o
                0x08001a54                HAL_DCMI_ErrorCallback
 .text.DCMI_DMAXferCplt
                0x08001a68      0x12a ./Drivers/STM32F4xx_HAL_Driver/Src/stm32f4xx_hal_dcmi.o
 .text.DCMI_DMAError
                0x08001b92       0x2e ./Drivers/STM32F4xx_HAL_Driver/Src/stm32f4xx_hal_dcmi.o
 .text.HAL_DCMI_Init
                0x08001bc0       0xda ./Drivers/STM32F4xx_HAL_Driver/Src/stm32f4xx_hal_dcmi_ex.o
                0x08001bc0                HAL_DCMI_Init
 *fill*         0x08001c9a        0x2 
 .text.HAL_DMA_Init
                0x08001c9c      0x15c ./Drivers/STM32F4xx_HAL_Driver/Src/stm32f4xx_hal_dma.o
                0x08001c9c                HAL_DMA_Init
 .text.HAL_DMA_Start_IT
                0x08001df8       0xb0 ./Drivers/STM32F4xx_HAL_Driver/Src/stm32f4xx_hal_dma.o
                0x08001df8                HAL_DMA_Start_IT
 .text.HAL_DMA_IRQHandler
                0x08001ea8      0x314 ./Drivers/STM32F4xx_HAL_Driver/Src/stm32f4xx_hal_dma.o
                0x08001ea8                HAL_DMA_IRQHandler
 .text.DMA_SetConfig
                0x080021bc       0x5c ./Drivers/STM32F4xx_HAL_Driver/Src/stm32f4xx_hal_dma.o
 .text.DMA_CalcBaseAndBitshift
                0x08002218       0x6c ./Drivers/STM32F4xx_HAL_Driver/Src/stm32f4xx_hal_dma.o
 .text.DMA_CheckFifoParam
                0x08002284       0xf8 ./Drivers/STM32F4xx_HAL_Driver/Src/stm32f4xx_hal_dma.o
 .text.HAL_DMAEx_MultiBufferStart_IT
                0x0800237c     0x1290 ./Drivers/STM32F4xx_HAL_Driver/Src/stm32f4xx_hal_dma_ex.o
                0x0800237c                HAL_DMAEx_MultiBufferStart_IT
 .text.HAL_DMAEx_ChangeMemory
                0x0800360c       0x34 ./Drivers/STM32F4xx_HAL_Driver/Src/stm32f4xx_hal_dma_ex.o
                0x0800360c                HAL_DMAEx_ChangeMemory
 .text.DMA_MultiBufferSetConfig
                0x08003640       0x4c ./Drivers/STM32F4xx_HAL_Driver/Src/stm32f4xx_hal_dma_ex.o
 .text.HAL_GPIO_Init
                0x0800368c      0x358 ./Drivers/STM32F4xx_HAL_Driver/Src/stm32f4xx_hal_gpio.o
                0x0800368c                HAL_GPIO_Init
 .text.HAL_GPIO_WritePin
                0x080039e4       0x32 ./Drivers/STM32F4xx_HAL_Driver/Src/stm32f4xx_hal_gpio.o
                0x080039e4                HAL_GPIO_WritePin
 *fill*         0x08003a16        0x2 
 .text.HAL_I2C_Init
                0x08003a18      0x288 ./Drivers/STM32F4xx_HAL_Driver/Src/stm32f4xx_hal_i2c.o
                0x08003a18                HAL_I2C_Init
 .text.HAL_I2C_Mem_Write
                0x08003ca0      0x1f4 ./Drivers/STM32F4xx_HAL_Driver/Src/stm32f4xx_hal_i2c.o
                0x08003ca0                HAL_I2C_Mem_Write
 .text.I2C_RequestMemoryWrite
                0x08003e94      0x12c ./Drivers/STM32F4xx_HAL_Driver/Src/stm32f4xx_hal_i2c.o
 .text.I2C_WaitOnFlagUntilTimeout
                0x08003fc0       0xf4 ./Drivers/STM32F4xx_HAL_Driver/Src/stm32f4xx_hal_i2c.o
 .text.I2C_WaitOnMasterAddressFlagUntilTimeout
                0x080040b4      0x140 ./Drivers/STM32F4xx_HAL_Driver/Src/stm32f4xx_hal_i2c.o
 .text.I2C_WaitOnTXEFlagUntilTimeout
                0x080041f4       0x90 ./Drivers/STM32F4xx_HAL_Driver/Src/stm32f4xx_hal_i2c.o
 .text.I2C_WaitOnBTFFlagUntilTimeout
                0x08004284       0x90 ./Drivers/STM32F4xx_HAL_Driver/Src/stm32f4xx_hal_i2c.o
 .text.I2C_IsAcknowledgeFailed
                0x08004314       0x5e ./Drivers/STM32F4xx_HAL_Driver/Src/stm32f4xx_hal_i2c.o
 .text.HAL_I2CEx_ConfigAnalogFilter
                0x08004372       0x78 ./Drivers/STM32F4xx_HAL_Driver/Src/stm32f4xx_hal_i2c_ex.o
                0x08004372                HAL_I2CEx_ConfigAnalogFilter
 .text.HAL_I2CEx_ConfigDigitalFilter
                0x080043ea       0x7e ./Drivers/STM32F4xx_HAL_Driver/Src/stm32f4xx_hal_i2c_ex.o
                0x080043ea                HAL_I2CEx_ConfigDigitalFilter
 .text.HAL_PWREx_EnableOverDrive
                0x08004468       0xa0 ./Drivers/STM32F4xx_HAL_Driver/Src/stm32f4xx_hal_pwr_ex.o
                0x08004468                HAL_PWREx_EnableOverDrive
 .text.HAL_RCC_OscConfig
                0x08004508      0x4f0 ./Drivers/STM32F4xx_HAL_Driver/Src/stm32f4xx_hal_rcc.o
                0x08004508                HAL_RCC_OscConfig
 .text.HAL_RCC_ClockConfig
                0x080049f8      0x1cc ./Drivers/STM32F4xx_HAL_Driver/Src/stm32f4xx_hal_rcc.o
                0x080049f8                HAL_RCC_ClockConfig
 .text.HAL_RCC_MCOConfig
                0x08004bc4       0xd0 ./Drivers/STM32F4xx_HAL_Driver/Src/stm32f4xx_hal_rcc.o
                0x08004bc4                HAL_RCC_MCOConfig
 .text.HAL_RCC_EnableCSS
                0x08004c94       0x18 ./Drivers/STM32F4xx_HAL_Driver/Src/stm32f4xx_hal_rcc.o
                0x08004c94                HAL_RCC_EnableCSS
 .text.HAL_RCC_GetSysClockFreq
                0x08004cac      0x20c ./Drivers/STM32F4xx_HAL_Driver/Src/stm32f4xx_hal_rcc.o
                0x08004cac                HAL_RCC_GetSysClockFreq
 .text.HAL_RCC_GetHCLKFreq
                0x08004eb8       0x18 ./Drivers/STM32F4xx_HAL_Driver/Src/stm32f4xx_hal_rcc.o
                0x08004eb8                HAL_RCC_GetHCLKFreq
 .text.HAL_RCC_GetPCLK1Freq
                0x08004ed0       0x28 ./Drivers/STM32F4xx_HAL_Driver/Src/stm32f4xx_hal_rcc.o
                0x08004ed0                HAL_RCC_GetPCLK1Freq
 .text.HAL_SPI_Init
                0x08004ef8      0x112 ./Drivers/STM32F4xx_HAL_Driver/Src/stm32f4xx_hal_spi.o
                0x08004ef8                HAL_SPI_Init
 .text.HAL_SPI_Transmit
                0x0800500a      0x288 ./Drivers/STM32F4xx_HAL_Driver/Src/stm32f4xx_hal_spi.o
                0x0800500a                HAL_SPI_Transmit
 *fill*         0x08005292        0x2 
 .text.SPI_WaitFlagStateUntilTimeout
                0x08005294      0x110 ./Drivers/STM32F4xx_HAL_Driver/Src/stm32f4xx_hal_spi.o
 .text.SPI_EndRxTxTransaction
                0x080053a4       0xa8 ./Drivers/STM32F4xx_HAL_Driver/Src/stm32f4xx_hal_spi.o
 .text.memset   0x0800544c       0x10 C:/ST/STM32CubeIDE_1.18.1/STM32CubeIDE/plugins/com.st.stm32cube.ide.mcu.externaltools.gnu-tools-for-stm32.13.3.rel1.win32_1.0.0.202411081344/tools/bin/../lib/gcc/arm-none-eabi/13.3.1/../../../../arm-none-eabi/lib/thumb/v7e-m+fp/hard\libc_nano.a(libc_a-memset.o)
                0x0800544c                memset
 .text.__libc_init_array
                0x0800545c       0x48 C:/ST/STM32CubeIDE_1.18.1/STM32CubeIDE/plugins/com.st.stm32cube.ide.mcu.externaltools.gnu-tools-for-stm32.13.3.rel1.win32_1.0.0.202411081344/tools/bin/../lib/gcc/arm-none-eabi/13.3.1/../../../../arm-none-eabi/lib/thumb/v7e-m+fp/hard\libc_nano.a(libc_a-init.o)
                0x0800545c                __libc_init_array
 *(.glue_7)
 .glue_7        0x080054a4        0x0 linker stubs
 *(.glue_7t)
 .glue_7t       0x080054a4        0x0 linker stubs
 *(.eh_frame)
 .eh_frame      0x080054a4        0x0 C:/ST/STM32CubeIDE_1.18.1/STM32CubeIDE/plugins/com.st.stm32cube.ide.mcu.externaltools.gnu-tools-for-stm32.13.3.rel1.win32_1.0.0.202411081344/tools/bin/../lib/gcc/arm-none-eabi/13.3.1/thumb/v7e-m+fp/hard/crtbegin.o
 *(.init)
 .init          0x080054a4        0x4 C:/ST/STM32CubeIDE_1.18.1/STM32CubeIDE/plugins/com.st.stm32cube.ide.mcu.externaltools.gnu-tools-for-stm32.13.3.rel1.win32_1.0.0.202411081344/tools/bin/../lib/gcc/arm-none-eabi/13.3.1/thumb/v7e-m+fp/hard/crti.o
                0x080054a4                _init
 .init          0x080054a8        0x8 C:/ST/STM32CubeIDE_1.18.1/STM32CubeIDE/plugins/com.st.stm32cube.ide.mcu.externaltools.gnu-tools-for-stm32.13.3.rel1.win32_1.0.0.202411081344/tools/bin/../lib/gcc/arm-none-eabi/13.3.1/thumb/v7e-m+fp/hard/crtn.o
 *(.fini)
 .fini          0x080054b0        0x4 C:/ST/STM32CubeIDE_1.18.1/STM32CubeIDE/plugins/com.st.stm32cube.ide.mcu.externaltools.gnu-tools-for-stm32.13.3.rel1.win32_1.0.0.202411081344/tools/bin/../lib/gcc/arm-none-eabi/13.3.1/thumb/v7e-m+fp/hard/crti.o
                0x080054b0                _fini
 .fini          0x080054b4        0x8 C:/ST/STM32CubeIDE_1.18.1/STM32CubeIDE/plugins/com.st.stm32cube.ide.mcu.externaltools.gnu-tools-for-stm32.13.3.rel1.win32_1.0.0.202411081344/tools/bin/../lib/gcc/arm-none-eabi/13.3.1/thumb/v7e-m+fp/hard/crtn.o
                0x080054bc                        . = ALIGN (0x4)
                0x080054bc                        _etext = .

.vfp11_veneer   0x080054bc        0x0
 .vfp11_veneer  0x080054bc        0x0 linker stubs

.v4_bx          0x080054bc        0x0
 .v4_bx         0x080054bc        0x0 linker stubs

.iplt           0x080054bc        0x0
 .iplt          0x080054bc        0x0 C:/ST/STM32CubeIDE_1.18.1/STM32CubeIDE/plugins/com.st.stm32cube.ide.mcu.externaltools.gnu-tools-for-stm32.13.3.rel1.win32_1.0.0.202411081344/tools/bin/../lib/gcc/arm-none-eabi/13.3.1/thumb/v7e-m+fp/hard/crtbegin.o

.rodata         0x080054bc      0x114
                0x080054bc                        . = ALIGN (0x4)
 *(.rodata)
 *(.rodata*)
 .rodata.OV7670_reg
                0x080054bc       0xf4 ./Core/Src/camera_drv.o
                0x080054bc                OV7670_reg
 .rodata.AHBPrescTable
                0x080055b0       0x10 ./Core/Src/system_stm32f4xx.o
                0x080055b0                AHBPrescTable
 .rodata.APBPrescTable
                0x080055c0        0x8 ./Core/Src/system_stm32f4xx.o
                0x080055c0                APBPrescTable
 .rodata.flagBitshiftOffset.0
                0x080055c8        0x8 ./Drivers/STM32F4xx_HAL_Driver/Src/stm32f4xx_hal_dma.o
                0x080055d0                        . = ALIGN (0x4)

.ARM.extab      0x080055d0        0x0
                0x080055d0                        . = ALIGN (0x4)
 *(.ARM.extab* .gnu.linkonce.armextab.*)
                0x080055d0                        . = ALIGN (0x4)

.ARM            0x080055d0        0x8
                0x080055d0                        . = ALIGN (0x4)
                0x080055d0                        __exidx_start = .
 *(.ARM.exidx*)
 .ARM.exidx     0x080055d0        0x8 C:/ST/STM32CubeIDE_1.18.1/STM32CubeIDE/plugins/com.st.stm32cube.ide.mcu.externaltools.gnu-tools-for-stm32.13.3.rel1.win32_1.0.0.202411081344/tools/bin/../lib/gcc/arm-none-eabi/13.3.1/thumb/v7e-m+fp/hard\libgcc.a(_udivmoddi4.o)
                0x080055d8                        __exidx_end = .
                0x080055d8                        . = ALIGN (0x4)

.preinit_array  0x080055d8        0x0
                0x080055d8                        . = ALIGN (0x4)
                0x080055d8                        PROVIDE (__preinit_array_start = .)
 *(.preinit_array*)
                0x080055d8                        PROVIDE (__preinit_array_end = .)
                0x080055d8                        . = ALIGN (0x4)

.init_array     0x080055d8        0x4
                0x080055d8                        . = ALIGN (0x4)
                0x080055d8                        PROVIDE (__init_array_start = .)
 *(SORT_BY_NAME(.init_array.*))
 *(.init_array*)
 .init_array    0x080055d8        0x4 C:/ST/STM32CubeIDE_1.18.1/STM32CubeIDE/plugins/com.st.stm32cube.ide.mcu.externaltools.gnu-tools-for-stm32.13.3.rel1.win32_1.0.0.202411081344/tools/bin/../lib/gcc/arm-none-eabi/13.3.1/thumb/v7e-m+fp/hard/crtbegin.o
                0x080055dc                        PROVIDE (__init_array_end = .)
                0x080055dc                        . = ALIGN (0x4)

.fini_array     0x080055dc        0x4
                0x080055dc                        . = ALIGN (0x4)
                [!provide]                        PROVIDE (__fini_array_start = .)
 *(SORT_BY_NAME(.fini_array.*))
 *(.fini_array*)
 .fini_array    0x080055dc        0x4 C:/ST/STM32CubeIDE_1.18.1/STM32CubeIDE/plugins/com.st.stm32cube.ide.mcu.externaltools.gnu-tools-for-stm32.13.3.rel1.win32_1.0.0.202411081344/tools/bin/../lib/gcc/arm-none-eabi/13.3.1/thumb/v7e-m+fp/hard/crtbegin.o
                [!provide]                        PROVIDE (__fini_array_end = .)
                0x080055e0                        . = ALIGN (0x4)
                0x080055e0                        _sidata = LOADADDR (.data)

.rel.dyn        0x080055e0        0x0
 .rel.iplt      0x080055e0        0x0 C:/ST/STM32CubeIDE_1.18.1/STM32CubeIDE/plugins/com.st.stm32cube.ide.mcu.externaltools.gnu-tools-for-stm32.13.3.rel1.win32_1.0.0.202411081344/tools/bin/../lib/gcc/arm-none-eabi/13.3.1/thumb/v7e-m+fp/hard/crtbegin.o

.data           0x20000000        0xc load address 0x080055e0
                0x20000000                        . = ALIGN (0x4)
                0x20000000                        _sdata = .
 *(.data)
 *(.data*)
 .data.SystemCoreClock
                0x20000000        0x4 ./Core/Src/system_stm32f4xx.o
                0x20000000                SystemCoreClock
 .data.uwTickPrio
                0x20000004        0x4 ./Drivers/STM32F4xx_HAL_Driver/Src/stm32f4xx_hal.o
                0x20000004                uwTickPrio
 .data.uwTickFreq
                0x20000008        0x1 ./Drivers/STM32F4xx_HAL_Driver/Src/stm32f4xx_hal.o
                0x20000008                uwTickFreq
 *(.RamFunc)
 *(.RamFunc*)
                0x2000000c                        . = ALIGN (0x4)
 *fill*         0x20000009        0x3 
                0x2000000c                        _edata = .
                0x080055ec                        _siccmram = LOADADDR (.ccmram)

.igot.plt       0x2000000c        0x0 load address 0x080055ec
 .igot.plt      0x2000000c        0x0 C:/ST/STM32CubeIDE_1.18.1/STM32CubeIDE/plugins/com.st.stm32cube.ide.mcu.externaltools.gnu-tools-for-stm32.13.3.rel1.win32_1.0.0.202411081344/tools/bin/../lib/gcc/arm-none-eabi/13.3.1/thumb/v7e-m+fp/hard/crtbegin.o

.ccmram         0x10000000        0x0 load address 0x080055ec
                0x10000000                        . = ALIGN (0x4)
                0x10000000                        _sccmram = .
 *(.ccmram)
 *(.ccmram*)
                0x10000000                        . = ALIGN (0x4)
                0x10000000                        _eccmram = .
                0x10000000                        . = ALIGN (0x4)

.bss            0x2000000c    0x2596c
                0x2000000c                        _sbss = .
                0x2000000c                        __bss_start__ = _sbss
 *(.bss)
 .bss           0x2000000c       0x1c C:/ST/STM32CubeIDE_1.18.1/STM32CubeIDE/plugins/com.st.stm32cube.ide.mcu.externaltools.gnu-tools-for-stm32.13.3.rel1.win32_1.0.0.202411081344/tools/bin/../lib/gcc/arm-none-eabi/13.3.1/thumb/v7e-m+fp/hard/crtbegin.o
 *(.bss*)
 .bss.hdcmi     0x20000028       0x40 ./Core/Src/main.o
                0x20000028                hdcmi
 .bss.hdma_dcmi
                0x20000068       0x60 ./Core/Src/main.o
                0x20000068                hdma_dcmi
 .bss.hi2c1     0x200000c8       0x54 ./Core/Src/main.o
                0x200000c8                hi2c1
 .bss.hspi5     0x2000011c       0x58 ./Core/Src/main.o
                0x2000011c                hspi5
 .bss.frame_buffer
                0x20000174    0x25800 ./Core/Src/main.o
                0x20000174                frame_buffer
 .bss.uwTick    0x20025974        0x4 ./Drivers/STM32F4xx_HAL_Driver/Src/stm32f4xx_hal.o
                0x20025974                uwTick
 *(COMMON)
                0x20025978                        . = ALIGN (0x4)
                0x20025978                        _ebss = .
                0x20025978                        __bss_end__ = _ebss

._user_heap_stack
                0x20025978      0x600
                0x20025978                        . = ALIGN (0x8)
                [!provide]                        PROVIDE (end = .)
                0x20025978                        PROVIDE (_end = .)
                0x20025b78                        . = (. + _Min_Heap_Size)
 *fill*         0x20025978      0x200 
                0x20025f78                        . = (. + _Min_Stack_Size)
 *fill*         0x20025b78      0x400 
                0x20025f78                        . = ALIGN (0x8)

/DISCARD/
 libc.a(*)
 libm.a(*)
 libgcc.a(*)

.ARM.attributes
                0x00000000       0x30
 *(.ARM.attributes)
 .ARM.attributes
                0x00000000       0x22 C:/ST/STM32CubeIDE_1.18.1/STM32CubeIDE/plugins/com.st.stm32cube.ide.mcu.externaltools.gnu-tools-for-stm32.13.3.rel1.win32_1.0.0.202411081344/tools/bin/../lib/gcc/arm-none-eabi/13.3.1/thumb/v7e-m+fp/hard/crti.o
 .ARM.attributes
                0x00000022       0x34 C:/ST/STM32CubeIDE_1.18.1/STM32CubeIDE/plugins/com.st.stm32cube.ide.mcu.externaltools.gnu-tools-for-stm32.13.3.rel1.win32_1.0.0.202411081344/tools/bin/../lib/gcc/arm-none-eabi/13.3.1/thumb/v7e-m+fp/hard/crtbegin.o
 .ARM.attributes
                0x00000056       0x34 ./Core/Src/camera_drv.o
 .ARM.attributes
                0x0000008a       0x34 ./Core/Src/lcd_drv.o
 .ARM.attributes
                0x000000be       0x34 ./Core/Src/main.o
 .ARM.attributes
                0x000000f2       0x34 ./Core/Src/stm32f4xx_hal_msp.o
 .ARM.attributes
                0x00000126       0x34 ./Core/Src/stm32f4xx_it.o
 .ARM.attributes
                0x0000015a       0x34 ./Core/Src/system_stm32f4xx.o
 .ARM.attributes
                0x0000018e       0x21 ./Core/Startup/startup_stm32f429zitx.o
 .ARM.attributes
                0x000001af       0x34 ./Drivers/STM32F4xx_HAL_Driver/Src/stm32f4xx_hal.o
 .ARM.attributes
                0x000001e3       0x34 ./Drivers/STM32F4xx_HAL_Driver/Src/stm32f4xx_hal_cortex.o
 .ARM.attributes
                0x00000217       0x34 ./Drivers/STM32F4xx_HAL_Driver/Src/stm32f4xx_hal_dcmi.o
 .ARM.attributes
                0x0000024b       0x34 ./Drivers/STM32F4xx_HAL_Driver/Src/stm32f4xx_hal_dcmi_ex.o
 .ARM.attributes
                0x0000027f       0x34 ./Drivers/STM32F4xx_HAL_Driver/Src/stm32f4xx_hal_dma.o
 .ARM.attributes
                0x000002b3       0x34 ./Drivers/STM32F4xx_HAL_Driver/Src/stm32f4xx_hal_dma_ex.o
 .ARM.attributes
                0x000002e7       0x34 ./Drivers/STM32F4xx_HAL_Driver/Src/stm32f4xx_hal_gpio.o
 .ARM.attributes
                0x0000031b       0x34 ./Drivers/STM32F4xx_HAL_Driver/Src/stm32f4xx_hal_i2c.o
 .ARM.attributes
                0x0000034f       0x34 ./Drivers/STM32F4xx_HAL_Driver/Src/stm32f4xx_hal_i2c_ex.o
 .ARM.attributes
                0x00000383       0x34 ./Drivers/STM32F4xx_HAL_Driver/Src/stm32f4xx_hal_pwr_ex.o
 .ARM.attributes
                0x000003b7       0x34 ./Drivers/STM32F4xx_HAL_Driver/Src/stm32f4xx_hal_rcc.o
 .ARM.attributes
                0x000003eb       0x34 ./Drivers/STM32F4xx_HAL_Driver/Src/stm32f4xx_hal_spi.o
 .ARM.attributes
                0x0000041f       0x34 C:/ST/STM32CubeIDE_1.18.1/STM32CubeIDE/plugins/com.st.stm32cube.ide.mcu.externaltools.gnu-tools-for-stm32.13.3.rel1.win32_1.0.0.202411081344/tools/bin/../lib/gcc/arm-none-eabi/13.3.1/../../../../arm-none-eabi/lib/thumb/v7e-m+fp/hard\libc_nano.a(libc_a-memset.o)
 .ARM.attributes
                0x00000453       0x34 C:/ST/STM32CubeIDE_1.18.1/STM32CubeIDE/plugins/com.st.stm32cube.ide.mcu.externaltools.gnu-tools-for-stm32.13.3.rel1.win32_1.0.0.202411081344/tools/bin/../lib/gcc/arm-none-eabi/13.3.1/../../../../arm-none-eabi/lib/thumb/v7e-m+fp/hard\libc_nano.a(libc_a-init.o)
 .ARM.attributes
                0x00000487       0x22 C:/ST/STM32CubeIDE_1.18.1/STM32CubeIDE/plugins/com.st.stm32cube.ide.mcu.externaltools.gnu-tools-for-stm32.13.3.rel1.win32_1.0.0.202411081344/tools/bin/../lib/gcc/arm-none-eabi/13.3.1/thumb/v7e-m+fp/hard\libgcc.a(_aeabi_uldivmod.o)
 .ARM.attributes
                0x000004a9       0x34 C:/ST/STM32CubeIDE_1.18.1/STM32CubeIDE/plugins/com.st.stm32cube.ide.mcu.externaltools.gnu-tools-for-stm32.13.3.rel1.win32_1.0.0.202411081344/tools/bin/../lib/gcc/arm-none-eabi/13.3.1/thumb/v7e-m+fp/hard\libgcc.a(_udivmoddi4.o)
 .ARM.attributes
                0x000004dd       0x22 C:/ST/STM32CubeIDE_1.18.1/STM32CubeIDE/plugins/com.st.stm32cube.ide.mcu.externaltools.gnu-tools-for-stm32.13.3.rel1.win32_1.0.0.202411081344/tools/bin/../lib/gcc/arm-none-eabi/13.3.1/thumb/v7e-m+fp/hard\libgcc.a(_dvmd_tls.o)
 .ARM.attributes
                0x000004ff       0x22 C:/ST/STM32CubeIDE_1.18.1/STM32CubeIDE/plugins/com.st.stm32cube.ide.mcu.externaltools.gnu-tools-for-stm32.13.3.rel1.win32_1.0.0.202411081344/tools/bin/../lib/gcc/arm-none-eabi/13.3.1/thumb/v7e-m+fp/hard/crtn.o
OUTPUT(image_processing.elf elf32-littlearm)
LOAD linker stubs
LOAD C:/ST/STM32CubeIDE_1.18.1/STM32CubeIDE/plugins/com.st.stm32cube.ide.mcu.externaltools.gnu-tools-for-stm32.13.3.rel1.win32_1.0.0.202411081344/tools/bin/../lib/gcc/arm-none-eabi/13.3.1/../../../../arm-none-eabi/lib/thumb/v7e-m+fp/hard\libc.a
LOAD C:/ST/STM32CubeIDE_1.18.1/STM32CubeIDE/plugins/com.st.stm32cube.ide.mcu.externaltools.gnu-tools-for-stm32.13.3.rel1.win32_1.0.0.202411081344/tools/bin/../lib/gcc/arm-none-eabi/13.3.1/../../../../arm-none-eabi/lib/thumb/v7e-m+fp/hard\libm.a
LOAD C:/ST/STM32CubeIDE_1.18.1/STM32CubeIDE/plugins/com.st.stm32cube.ide.mcu.externaltools.gnu-tools-for-stm32.13.3.rel1.win32_1.0.0.202411081344/tools/bin/../lib/gcc/arm-none-eabi/13.3.1/thumb/v7e-m+fp/hard\libgcc.a

.debug_info     0x00000000     0xd7d4
 .debug_info    0x00000000     0x1133 ./Core/Src/camera_drv.o
 .debug_info    0x00001133      0xc3f ./Core/Src/lcd_drv.o
 .debug_info    0x00001d72     0x1563 ./Core/Src/main.o
 .debug_info    0x000032d5      0xff8 ./Core/Src/stm32f4xx_hal_msp.o
 .debug_info    0x000042cd      0x3a9 ./Core/Src/stm32f4xx_it.o
 .debug_info    0x00004676      0x52e ./Core/Src/system_stm32f4xx.o
 .debug_info    0x00004ba4       0x30 ./Core/Startup/startup_stm32f429zitx.o
 .debug_info    0x00004bd4      0x9ba ./Drivers/STM32F4xx_HAL_Driver/Src/stm32f4xx_hal.o
 .debug_info    0x0000558e      0xdc2 ./Drivers/STM32F4xx_HAL_Driver/Src/stm32f4xx_hal_cortex.o
 .debug_info    0x00006350      0xada ./Drivers/STM32F4xx_HAL_Driver/Src/stm32f4xx_hal_dcmi.o
 .debug_info    0x00006e2a      0x5b8 ./Drivers/STM32F4xx_HAL_Driver/Src/stm32f4xx_hal_dcmi_ex.o
 .debug_info    0x000073e2      0x8e7 ./Drivers/STM32F4xx_HAL_Driver/Src/stm32f4xx_hal_dma.o
 .debug_info    0x00007cc9      0x4df ./Drivers/STM32F4xx_HAL_Driver/Src/stm32f4xx_hal_dma_ex.o
 .debug_info    0x000081a8      0x6db ./Drivers/STM32F4xx_HAL_Driver/Src/stm32f4xx_hal_gpio.o
 .debug_info    0x00008883     0x2421 ./Drivers/STM32F4xx_HAL_Driver/Src/stm32f4xx_hal_i2c.o
 .debug_info    0x0000aca4      0x672 ./Drivers/STM32F4xx_HAL_Driver/Src/stm32f4xx_hal_i2c_ex.o
 .debug_info    0x0000b316      0x6be ./Drivers/STM32F4xx_HAL_Driver/Src/stm32f4xx_hal_pwr_ex.o
 .debug_info    0x0000b9d4      0x8db ./Drivers/STM32F4xx_HAL_Driver/Src/stm32f4xx_hal_rcc.o
 .debug_info    0x0000c2af     0x1525 ./Drivers/STM32F4xx_HAL_Driver/Src/stm32f4xx_hal_spi.o

.debug_abbrev   0x00000000     0x26bc
 .debug_abbrev  0x00000000      0x2df ./Core/Src/camera_drv.o
 .debug_abbrev  0x000002df      0x2aa ./Core/Src/lcd_drv.o
 .debug_abbrev  0x00000589      0x2b4 ./Core/Src/main.o
 .debug_abbrev  0x0000083d      0x243 ./Core/Src/stm32f4xx_hal_msp.o
 .debug_abbrev  0x00000a80      0x169 ./Core/Src/stm32f4xx_it.o
 .debug_abbrev  0x00000be9      0x11a ./Core/Src/system_stm32f4xx.o
 .debug_abbrev  0x00000d03       0x24 ./Core/Startup/startup_stm32f429zitx.o
 .debug_abbrev  0x00000d27      0x214 ./Drivers/STM32F4xx_HAL_Driver/Src/stm32f4xx_hal.o
 .debug_abbrev  0x00000f3b      0x31d ./Drivers/STM32F4xx_HAL_Driver/Src/stm32f4xx_hal_cortex.o
 .debug_abbrev  0x00001258      0x247 ./Drivers/STM32F4xx_HAL_Driver/Src/stm32f4xx_hal_dcmi.o
 .debug_abbrev  0x0000149f      0x13e ./Drivers/STM32F4xx_HAL_Driver/Src/stm32f4xx_hal_dcmi_ex.o
 .debug_abbrev  0x000015dd      0x264 ./Drivers/STM32F4xx_HAL_Driver/Src/stm32f4xx_hal_dma.o
 .debug_abbrev  0x00001841      0x1a3 ./Drivers/STM32F4xx_HAL_Driver/Src/stm32f4xx_hal_dma_ex.o
 .debug_abbrev  0x000019e4      0x1d4 ./Drivers/STM32F4xx_HAL_Driver/Src/stm32f4xx_hal_gpio.o
 .debug_abbrev  0x00001bb8      0x2ad ./Drivers/STM32F4xx_HAL_Driver/Src/stm32f4xx_hal_i2c.o
 .debug_abbrev  0x00001e65      0x157 ./Drivers/STM32F4xx_HAL_Driver/Src/stm32f4xx_hal_i2c_ex.o
 .debug_abbrev  0x00001fbc      0x1cf ./Drivers/STM32F4xx_HAL_Driver/Src/stm32f4xx_hal_pwr_ex.o
 .debug_abbrev  0x0000218b      0x2b7 ./Drivers/STM32F4xx_HAL_Driver/Src/stm32f4xx_hal_rcc.o
 .debug_abbrev  0x00002442      0x27a ./Drivers/STM32F4xx_HAL_Driver/Src/stm32f4xx_hal_spi.o

.debug_aranges  0x00000000      0xc08
 .debug_aranges
                0x00000000       0x60 ./Core/Src/camera_drv.o
 .debug_aranges
                0x00000060       0x90 ./Core/Src/lcd_drv.o
 .debug_aranges
                0x000000f0       0x58 ./Core/Src/main.o
 .debug_aranges
                0x00000148       0x50 ./Core/Src/stm32f4xx_hal_msp.o
 .debug_aranges
                0x00000198       0x68 ./Core/Src/stm32f4xx_it.o
 .debug_aranges
                0x00000200       0x28 ./Core/Src/system_stm32f4xx.o
 .debug_aranges
                0x00000228       0x28 ./Core/Startup/startup_stm32f429zitx.o
 .debug_aranges
                0x00000250      0x100 ./Drivers/STM32F4xx_HAL_Driver/Src/stm32f4xx_hal.o
 .debug_aranges
                0x00000350      0x130 ./Drivers/STM32F4xx_HAL_Driver/Src/stm32f4xx_hal_cortex.o
 .debug_aranges
                0x00000480       0xc0 ./Drivers/STM32F4xx_HAL_Driver/Src/stm32f4xx_hal_dcmi.o
 .debug_aranges
                0x00000540       0x20 ./Drivers/STM32F4xx_HAL_Driver/Src/stm32f4xx_hal_dcmi_ex.o
 .debug_aranges
                0x00000560       0x90 ./Drivers/STM32F4xx_HAL_Driver/Src/stm32f4xx_hal_dma.o
 .debug_aranges
                0x000005f0       0x38 ./Drivers/STM32F4xx_HAL_Driver/Src/stm32f4xx_hal_dma_ex.o
 .debug_aranges
                0x00000628       0x58 ./Drivers/STM32F4xx_HAL_Driver/Src/stm32f4xx_hal_gpio.o
 .debug_aranges
                0x00000680      0x2a8 ./Drivers/STM32F4xx_HAL_Driver/Src/stm32f4xx_hal_i2c.o
 .debug_aranges
                0x00000928       0x28 ./Drivers/STM32F4xx_HAL_Driver/Src/stm32f4xx_hal_i2c_ex.o
 .debug_aranges
                0x00000950       0x60 ./Drivers/STM32F4xx_HAL_Driver/Src/stm32f4xx_hal_pwr_ex.o
 .debug_aranges
                0x000009b0       0x88 ./Drivers/STM32F4xx_HAL_Driver/Src/stm32f4xx_hal_rcc.o
 .debug_aranges
                0x00000a38      0x1d0 ./Drivers/STM32F4xx_HAL_Driver/Src/stm32f4xx_hal_spi.o

.debug_rnglists
                0x00000000      0x930
 .debug_rnglists
                0x00000000       0x47 ./Core/Src/camera_drv.o
 .debug_rnglists
                0x00000047       0x6c ./Core/Src/lcd_drv.o
 .debug_rnglists
                0x000000b3       0x40 ./Core/Src/main.o
 .debug_rnglists
                0x000000f3       0x3a ./Core/Src/stm32f4xx_hal_msp.o
 .debug_rnglists
                0x0000012d       0x49 ./Core/Src/stm32f4xx_it.o
 .debug_rnglists
                0x00000176       0x1a ./Core/Src/system_stm32f4xx.o
 .debug_rnglists
                0x00000190       0x19 ./Core/Startup/startup_stm32f429zitx.o
 .debug_rnglists
                0x000001a9       0xbb ./Drivers/STM32F4xx_HAL_Driver/Src/stm32f4xx_hal.o
 .debug_rnglists
                0x00000264       0xe0 ./Drivers/STM32F4xx_HAL_Driver/Src/stm32f4xx_hal_cortex.o
 .debug_rnglists
                0x00000344       0x91 ./Drivers/STM32F4xx_HAL_Driver/Src/stm32f4xx_hal_dcmi.o
 .debug_rnglists
                0x000003d5       0x14 ./Drivers/STM32F4xx_HAL_Driver/Src/stm32f4xx_hal_dcmi_ex.o
 .debug_rnglists
                0x000003e9       0x70 ./Drivers/STM32F4xx_HAL_Driver/Src/stm32f4xx_hal_dma.o
 .debug_rnglists
                0x00000459       0x27 ./Drivers/STM32F4xx_HAL_Driver/Src/stm32f4xx_hal_dma_ex.o
 .debug_rnglists
                0x00000480       0x3f ./Drivers/STM32F4xx_HAL_Driver/Src/stm32f4xx_hal_gpio.o
 .debug_rnglists
                0x000004bf      0x23c ./Drivers/STM32F4xx_HAL_Driver/Src/stm32f4xx_hal_i2c.o
 .debug_rnglists
                0x000006fb       0x19 ./Drivers/STM32F4xx_HAL_Driver/Src/stm32f4xx_hal_i2c_ex.o
 .debug_rnglists
                0x00000714       0x47 ./Drivers/STM32F4xx_HAL_Driver/Src/stm32f4xx_hal_pwr_ex.o
 .debug_rnglists
                0x0000075b       0x66 ./Drivers/STM32F4xx_HAL_Driver/Src/stm32f4xx_hal_rcc.o
 .debug_rnglists
                0x000007c1      0x16f ./Drivers/STM32F4xx_HAL_Driver/Src/stm32f4xx_hal_spi.o

.debug_macro    0x00000000    0x2356d
 .debug_macro   0x00000000      0x20d ./Core/Src/camera_drv.o
 .debug_macro   0x0000020d      0xad8 ./Core/Src/camera_drv.o
 .debug_macro   0x00000ce5       0x2e ./Core/Src/camera_drv.o
 .debug_macro   0x00000d13       0x28 ./Core/Src/camera_drv.o
 .debug_macro   0x00000d3b       0x22 ./Core/Src/camera_drv.o
 .debug_macro   0x00000d5d       0x8e ./Core/Src/camera_drv.o
 .debug_macro   0x00000deb       0x51 ./Core/Src/camera_drv.o
 .debug_macro   0x00000e3c      0x103 ./Core/Src/camera_drv.o
 .debug_macro   0x00000f3f       0x6a ./Core/Src/camera_drv.o
 .debug_macro   0x00000fa9      0x1df ./Core/Src/camera_drv.o
 .debug_macro   0x00001188       0x1c ./Core/Src/camera_drv.o
 .debug_macro   0x000011a4       0x22 ./Core/Src/camera_drv.o
 .debug_macro   0x000011c6       0xfb ./Core/Src/camera_drv.o
 .debug_macro   0x000012c1     0x1011 ./Core/Src/camera_drv.o
 .debug_macro   0x000022d2      0x11f ./Core/Src/camera_drv.o
 .debug_macro   0x000023f1    0x17ff1 ./Core/Src/camera_drv.o
 .debug_macro   0x0001a3e2       0x6d ./Core/Src/camera_drv.o
 .debug_macro   0x0001a44f      0x2a1 ./Core/Src/camera_drv.o
 .debug_macro   0x0001a6f0     0x370a ./Core/Src/camera_drv.o
 .debug_macro   0x0001ddfa      0x190 ./Core/Src/camera_drv.o
 .debug_macro   0x0001df8a       0x5c ./Core/Src/camera_drv.o
 .debug_macro   0x0001dfe6      0xcba ./Core/Src/camera_drv.o
 .debug_macro   0x0001eca0      0x9e9 ./Core/Src/camera_drv.o
 .debug_macro   0x0001f689      0x115 ./Core/Src/camera_drv.o
 .debug_macro   0x0001f79e      0x156 ./Core/Src/camera_drv.o
 .debug_macro   0x0001f8f4       0xa5 ./Core/Src/camera_drv.o
 .debug_macro   0x0001f999      0x182 ./Core/Src/camera_drv.o
 .debug_macro   0x0001fb1b      0x287 ./Core/Src/camera_drv.o
 .debug_macro   0x0001fda2       0x5f ./Core/Src/camera_drv.o
 .debug_macro   0x0001fe01      0x236 ./Core/Src/camera_drv.o
 .debug_macro   0x00020037       0x1f ./Core/Src/camera_drv.o
 .debug_macro   0x00020056      0x1d2 ./Core/Src/camera_drv.o
 .debug_macro   0x00020228      0x132 ./Core/Src/camera_drv.o
 .debug_macro   0x0002035a      0x41d ./Core/Src/camera_drv.o
 .debug_macro   0x00020777       0x2e ./Core/Src/camera_drv.o
 .debug_macro   0x000207a5      0x1b5 ./Core/Src/camera_drv.o
 .debug_macro   0x0002095a       0x22 ./Core/Src/camera_drv.o
 .debug_macro   0x0002097c       0xd6 ./Core/Src/camera_drv.o
 .debug_macro   0x00020a52      0x127 ./Core/Src/camera_drv.o
 .debug_macro   0x00020b79       0xe2 ./Core/Src/camera_drv.o
 .debug_macro   0x00020c5b       0x89 ./Core/Src/camera_drv.o
 .debug_macro   0x00020ce4      0x225 ./Core/Src/camera_drv.o
 .debug_macro   0x00020f09      0x134 ./Core/Src/camera_drv.o
 .debug_macro   0x0002103d      0x154 ./Core/Src/camera_drv.o
 .debug_macro   0x00021191       0x22 ./Core/Src/camera_drv.o
 .debug_macro   0x000211b3       0x22 ./Core/Src/camera_drv.o
 .debug_macro   0x000211d5      0x231 ./Core/Src/lcd_drv.o
 .debug_macro   0x00021406      0x14e ./Core/Src/lcd_drv.o
 .debug_macro   0x00021554      0x21b ./Core/Src/main.o
 .debug_macro   0x0002176f      0x1f6 ./Core/Src/stm32f4xx_hal_msp.o
 .debug_macro   0x00021965      0x200 ./Core/Src/stm32f4xx_it.o
 .debug_macro   0x00021b65      0x1ec ./Core/Src/system_stm32f4xx.o
 .debug_macro   0x00021d51      0x24c ./Drivers/STM32F4xx_HAL_Driver/Src/stm32f4xx_hal.o
 .debug_macro   0x00021f9d      0x1ec ./Drivers/STM32F4xx_HAL_Driver/Src/stm32f4xx_hal_cortex.o
 .debug_macro   0x00022189      0x1f3 ./Drivers/STM32F4xx_HAL_Driver/Src/stm32f4xx_hal_dcmi.o
 .debug_macro   0x0002237c      0x1ec ./Drivers/STM32F4xx_HAL_Driver/Src/stm32f4xx_hal_dcmi_ex.o
 .debug_macro   0x00022568      0x1f2 ./Drivers/STM32F4xx_HAL_Driver/Src/stm32f4xx_hal_dma.o
 .debug_macro   0x0002275a      0x1ec ./Drivers/STM32F4xx_HAL_Driver/Src/stm32f4xx_hal_dma_ex.o
 .debug_macro   0x00022946      0x1f2 ./Drivers/STM32F4xx_HAL_Driver/Src/stm32f4xx_hal_gpio.o
 .debug_macro   0x00022b38      0x23a ./Drivers/STM32F4xx_HAL_Driver/Src/stm32f4xx_hal_i2c.o
 .debug_macro   0x00022d72      0x1ec ./Drivers/STM32F4xx_HAL_Driver/Src/stm32f4xx_hal_i2c_ex.o
 .debug_macro   0x00022f5e      0x204 ./Drivers/STM32F4xx_HAL_Driver/Src/stm32f4xx_hal_pwr_ex.o
 .debug_macro   0x00023162      0x210 ./Drivers/STM32F4xx_HAL_Driver/Src/stm32f4xx_hal_rcc.o
 .debug_macro   0x00023372      0x1fb ./Drivers/STM32F4xx_HAL_Driver/Src/stm32f4xx_hal_spi.o

.debug_line     0x00000000    0x10c1c
 .debug_line    0x00000000      0xa0d ./Core/Src/camera_drv.o
 .debug_line    0x00000a0d      0xa0b ./Core/Src/lcd_drv.o
 .debug_line    0x00001418      0x96c ./Core/Src/main.o
 .debug_line    0x00001d84      0x886 ./Core/Src/stm32f4xx_hal_msp.o
 .debug_line    0x0000260a      0x83f ./Core/Src/stm32f4xx_it.o
 .debug_line    0x00002e49      0x7ee ./Core/Src/system_stm32f4xx.o
 .debug_line    0x00003637       0x7a ./Core/Startup/startup_stm32f429zitx.o
 .debug_line    0x000036b1      0xaa0 ./Drivers/STM32F4xx_HAL_Driver/Src/stm32f4xx_hal.o
 .debug_line    0x00004151      0xd3a ./Drivers/STM32F4xx_HAL_Driver/Src/stm32f4xx_hal_cortex.o
 .debug_line    0x00004e8b      0xd72 ./Drivers/STM32F4xx_HAL_Driver/Src/stm32f4xx_hal_dcmi.o
 .debug_line    0x00005bfd      0x81b ./Drivers/STM32F4xx_HAL_Driver/Src/stm32f4xx_hal_dcmi_ex.o
 .debug_line    0x00006418      0xfd6 ./Drivers/STM32F4xx_HAL_Driver/Src/stm32f4xx_hal_dma.o
 .debug_line    0x000073ee     0x13e5 ./Drivers/STM32F4xx_HAL_Driver/Src/stm32f4xx_hal_dma_ex.o
 .debug_line    0x000087d3      0xbea ./Drivers/STM32F4xx_HAL_Driver/Src/stm32f4xx_hal_gpio.o
 .debug_line    0x000093bd     0x3b17 ./Drivers/STM32F4xx_HAL_Driver/Src/stm32f4xx_hal_i2c.o
 .debug_line    0x0000ced4      0x7f3 ./Drivers/STM32F4xx_HAL_Driver/Src/stm32f4xx_hal_i2c_ex.o
 .debug_line    0x0000d6c7      0x9d7 ./Drivers/STM32F4xx_HAL_Driver/Src/stm32f4xx_hal_pwr_ex.o
 .debug_line    0x0000e09e      0xe79 ./Drivers/STM32F4xx_HAL_Driver/Src/stm32f4xx_hal_rcc.o
 .debug_line    0x0000ef17     0x1d05 ./Drivers/STM32F4xx_HAL_Driver/Src/stm32f4xx_hal_spi.o

.debug_str      0x00000000    0xd1d59
 .debug_str     0x00000000    0xd1d59 ./Core/Src/camera_drv.o
                              0xcf380 (size before relaxing)
 .debug_str     0x000d1d59    0xceb15 ./Core/Src/lcd_drv.o
 .debug_str     0x000d1d59    0xcf6c9 ./Core/Src/main.o
 .debug_str     0x000d1d59    0xcea8a ./Core/Src/stm32f4xx_hal_msp.o
 .debug_str     0x000d1d59    0xce27b ./Core/Src/stm32f4xx_it.o
 .debug_str     0x000d1d59    0xce123 ./Core/Src/system_stm32f4xx.o
 .debug_str     0x000d1d59       0xb0 ./Core/Startup/startup_stm32f429zitx.o
 .debug_str     0x000d1d59    0xced46 ./Drivers/STM32F4xx_HAL_Driver/Src/stm32f4xx_hal.o
 .debug_str     0x000d1d59    0xcea74 ./Drivers/STM32F4xx_HAL_Driver/Src/stm32f4xx_hal_cortex.o
 .debug_str     0x000d1d59    0xce6e5 ./Drivers/STM32F4xx_HAL_Driver/Src/stm32f4xx_hal_dcmi.o
 .debug_str     0x000d1d59    0xce406 ./Drivers/STM32F4xx_HAL_Driver/Src/stm32f4xx_hal_dcmi_ex.o
 .debug_str     0x000d1d59    0xce52a ./Drivers/STM32F4xx_HAL_Driver/Src/stm32f4xx_hal_dma.o
 .debug_str     0x000d1d59    0xce2e4 ./Drivers/STM32F4xx_HAL_Driver/Src/stm32f4xx_hal_dma_ex.o
 .debug_str     0x000d1d59    0xce29e ./Drivers/STM32F4xx_HAL_Driver/Src/stm32f4xx_hal_gpio.o
 .debug_str     0x000d1d59    0xcf133 ./Drivers/STM32F4xx_HAL_Driver/Src/stm32f4xx_hal_i2c.o
 .debug_str     0x000d1d59    0xce4f2 ./Drivers/STM32F4xx_HAL_Driver/Src/stm32f4xx_hal_i2c_ex.o
 .debug_str     0x000d1d59    0xce2fb ./Drivers/STM32F4xx_HAL_Driver/Src/stm32f4xx_hal_pwr_ex.o
 .debug_str     0x000d1d59    0xce557 ./Drivers/STM32F4xx_HAL_Driver/Src/stm32f4xx_hal_rcc.o
 .debug_str     0x000d1d59    0xce9ce ./Drivers/STM32F4xx_HAL_Driver/Src/stm32f4xx_hal_spi.o

.comment        0x00000000       0x43
 .comment       0x00000000       0x43 ./Core/Src/camera_drv.o
                                 0x44 (size before relaxing)
 .comment       0x00000043       0x44 ./Core/Src/lcd_drv.o
 .comment       0x00000043       0x44 ./Core/Src/main.o
 .comment       0x00000043       0x44 ./Core/Src/stm32f4xx_hal_msp.o
 .comment       0x00000043       0x44 ./Core/Src/stm32f4xx_it.o
 .comment       0x00000043       0x44 ./Core/Src/system_stm32f4xx.o
 .comment       0x00000043       0x44 ./Drivers/STM32F4xx_HAL_Driver/Src/stm32f4xx_hal.o
 .comment       0x00000043       0x44 ./Drivers/STM32F4xx_HAL_Driver/Src/stm32f4xx_hal_cortex.o
 .comment       0x00000043       0x44 ./Drivers/STM32F4xx_HAL_Driver/Src/stm32f4xx_hal_dcmi.o
 .comment       0x00000043       0x44 ./Drivers/STM32F4xx_HAL_Driver/Src/stm32f4xx_hal_dcmi_ex.o
 .comment       0x00000043       0x44 ./Drivers/STM32F4xx_HAL_Driver/Src/stm32f4xx_hal_dma.o
 .comment       0x00000043       0x44 ./Drivers/STM32F4xx_HAL_Driver/Src/stm32f4xx_hal_dma_ex.o
 .comment       0x00000043       0x44 ./Drivers/STM32F4xx_HAL_Driver/Src/stm32f4xx_hal_gpio.o
 .comment       0x00000043       0x44 ./Drivers/STM32F4xx_HAL_Driver/Src/stm32f4xx_hal_i2c.o
 .comment       0x00000043       0x44 ./Drivers/STM32F4xx_HAL_Driver/Src/stm32f4xx_hal_i2c_ex.o
 .comment       0x00000043       0x44 ./Drivers/STM32F4xx_HAL_Driver/Src/stm32f4xx_hal_pwr_ex.o
 .comment       0x00000043       0x44 ./Drivers/STM32F4xx_HAL_Driver/Src/stm32f4xx_hal_rcc.o
 .comment       0x00000043       0x44 ./Drivers/STM32F4xx_HAL_Driver/Src/stm32f4xx_hal_spi.o

.debug_frame    0x00000000     0x3048
 .debug_frame   0x00000000      0x140 ./Core/Src/camera_drv.o
 .debug_frame   0x00000140      0x20c ./Core/Src/lcd_drv.o
 .debug_frame   0x0000034c      0x108 ./Core/Src/main.o
 .debug_frame   0x00000454      0x10c ./Core/Src/stm32f4xx_hal_msp.o
 .debug_frame   0x00000560      0x120 ./Core/Src/stm32f4xx_it.o
 .debug_frame   0x00000680       0x58 ./Core/Src/system_stm32f4xx.o
 .debug_frame   0x000006d8      0x3b4 ./Drivers/STM32F4xx_HAL_Driver/Src/stm32f4xx_hal.o
 .debug_frame   0x00000a8c      0x508 ./Drivers/STM32F4xx_HAL_Driver/Src/stm32f4xx_hal_cortex.o
 .debug_frame   0x00000f94      0x340 ./Drivers/STM32F4xx_HAL_Driver/Src/stm32f4xx_hal_dcmi.o
 .debug_frame   0x000012d4       0x34 ./Drivers/STM32F4xx_HAL_Driver/Src/stm32f4xx_hal_dcmi_ex.o
 .debug_frame   0x00001308      0x250 ./Drivers/STM32F4xx_HAL_Driver/Src/stm32f4xx_hal_dma.o
 .debug_frame   0x00001558       0xac ./Drivers/STM32F4xx_HAL_Driver/Src/stm32f4xx_hal_dma_ex.o
 .debug_frame   0x00001604      0x14c ./Drivers/STM32F4xx_HAL_Driver/Src/stm32f4xx_hal_gpio.o
 .debug_frame   0x00001750      0xc84 ./Drivers/STM32F4xx_HAL_Driver/Src/stm32f4xx_hal_i2c.o
 .debug_frame   0x000023d4       0x60 ./Drivers/STM32F4xx_HAL_Driver/Src/stm32f4xx_hal_i2c_ex.o
 .debug_frame   0x00002434      0x14c ./Drivers/STM32F4xx_HAL_Driver/Src/stm32f4xx_hal_pwr_ex.o
 .debug_frame   0x00002580      0x1f4 ./Drivers/STM32F4xx_HAL_Driver/Src/stm32f4xx_hal_rcc.o
 .debug_frame   0x00002774      0x828 ./Drivers/STM32F4xx_HAL_Driver/Src/stm32f4xx_hal_spi.o
 .debug_frame   0x00002f9c       0x20 C:/ST/STM32CubeIDE_1.18.1/STM32CubeIDE/plugins/com.st.stm32cube.ide.mcu.externaltools.gnu-tools-for-stm32.13.3.rel1.win32_1.0.0.202411081344/tools/bin/../lib/gcc/arm-none-eabi/13.3.1/../../../../arm-none-eabi/lib/thumb/v7e-m+fp/hard\libc_nano.a(libc_a-memset.o)
 .debug_frame   0x00002fbc       0x2c C:/ST/STM32CubeIDE_1.18.1/STM32CubeIDE/plugins/com.st.stm32cube.ide.mcu.externaltools.gnu-tools-for-stm32.13.3.rel1.win32_1.0.0.202411081344/tools/bin/../lib/gcc/arm-none-eabi/13.3.1/../../../../arm-none-eabi/lib/thumb/v7e-m+fp/hard\libc_nano.a(libc_a-init.o)
 .debug_frame   0x00002fe8       0x2c C:/ST/STM32CubeIDE_1.18.1/STM32CubeIDE/plugins/com.st.stm32cube.ide.mcu.externaltools.gnu-tools-for-stm32.13.3.rel1.win32_1.0.0.202411081344/tools/bin/../lib/gcc/arm-none-eabi/13.3.1/thumb/v7e-m+fp/hard\libgcc.a(_aeabi_uldivmod.o)
 .debug_frame   0x00003014       0x34 C:/ST/STM32CubeIDE_1.18.1/STM32CubeIDE/plugins/com.st.stm32cube.ide.mcu.externaltools.gnu-tools-for-stm32.13.3.rel1.win32_1.0.0.202411081344/tools/bin/../lib/gcc/arm-none-eabi/13.3.1/thumb/v7e-m+fp/hard\libgcc.a(_udivmoddi4.o)

.debug_line_str
                0x00000000       0x94
 .debug_line_str
                0x00000000       0x94 ./Core/Startup/startup_stm32f429zitx.o
