../Core/Src/main.c:42:6:HAL_DCMI_FrameEventCallback	16	static
../Core/Src/main.c:65:6:Filter_Button_Init	32	static
../Core/Src/main.c:78:6:Cycle_Filter_Mode	4	static
../Core/Src/main.c:87:6:HAL_GPIO_EXTI_Callback	16	static
../Core/Src/main.c:116:5:main	64	static
../Core/Src/main.c:167:6:SystemClock_Config	88	static
../Core/Src/main.c:223:13:MX_DCMI_Init	8	static
../Core/Src/main.c:256:13:MX_I2C1_Init	8	static
../Core/Src/main.c:304:13:MX_SPI5_Init	8	static
../Core/Src/main.c:340:13:MX_DMA_Init	16	static
../Core/Src/main.c:358:13:MX_GPIO_Init	56	static
../Core/Src/main.c:394:6:Error_Handler	4	static,ignoring_inline_asm
